Archive member included to satisfy reference by file (symbol)

C:/ST/STM32CubeIDE_1.16.1/STM32CubeIDE/plugins/com.st.stm32cube.ide.mcu.externaltools.gnu-tools-for-stm32.12.3.rel1.win32_1.1.0.202410251130/tools/bin/../lib/gcc/arm-none-eabi/12.3.1/../../../../arm-none-eabi/lib/thumb/v7-m/nofp\libc_nano.a(libc_a-exit.o)
                              C:/ST/STM32CubeIDE_1.16.1/STM32CubeIDE/plugins/com.st.stm32cube.ide.mcu.externaltools.gnu-tools-for-stm32.12.3.rel1.win32_1.1.0.202410251130/tools/bin/../lib/gcc/arm-none-eabi/12.3.1/../../../../arm-none-eabi/lib/thumb/v7-m/nofp/crt0.o (exit)
C:/ST/STM32CubeIDE_1.16.1/STM32CubeIDE/plugins/com.st.stm32cube.ide.mcu.externaltools.gnu-tools-for-stm32.12.3.rel1.win32_1.1.0.202410251130/tools/bin/../lib/gcc/arm-none-eabi/12.3.1/../../../../arm-none-eabi/lib/thumb/v7-m/nofp\libc_nano.a(libc_a-findfp.o)
                              C:/ST/STM32CubeIDE_1.16.1/STM32CubeIDE/plugins/com.st.stm32cube.ide.mcu.externaltools.gnu-tools-for-stm32.12.3.rel1.win32_1.1.0.202410251130/tools/bin/../lib/gcc/arm-none-eabi/12.3.1/../../../../arm-none-eabi/lib/thumb/v7-m/nofp\libc_nano.a(libc_a-exit.o) (__stdio_exit_handler)
C:/ST/STM32CubeIDE_1.16.1/STM32CubeIDE/plugins/com.st.stm32cube.ide.mcu.externaltools.gnu-tools-for-stm32.12.3.rel1.win32_1.1.0.202410251130/tools/bin/../lib/gcc/arm-none-eabi/12.3.1/../../../../arm-none-eabi/lib/thumb/v7-m/nofp\libc_nano.a(libc_a-fwalk.o)
                              C:/ST/STM32CubeIDE_1.16.1/STM32CubeIDE/plugins/com.st.stm32cube.ide.mcu.externaltools.gnu-tools-for-stm32.12.3.rel1.win32_1.1.0.202410251130/tools/bin/../lib/gcc/arm-none-eabi/12.3.1/../../../../arm-none-eabi/lib/thumb/v7-m/nofp\libc_nano.a(libc_a-findfp.o) (_fwalk_sglue)
C:/ST/STM32CubeIDE_1.16.1/STM32CubeIDE/plugins/com.st.stm32cube.ide.mcu.externaltools.gnu-tools-for-stm32.12.3.rel1.win32_1.1.0.202410251130/tools/bin/../lib/gcc/arm-none-eabi/12.3.1/../../../../arm-none-eabi/lib/thumb/v7-m/nofp\libc_nano.a(libc_a-stdio.o)
                              C:/ST/STM32CubeIDE_1.16.1/STM32CubeIDE/plugins/com.st.stm32cube.ide.mcu.externaltools.gnu-tools-for-stm32.12.3.rel1.win32_1.1.0.202410251130/tools/bin/../lib/gcc/arm-none-eabi/12.3.1/../../../../arm-none-eabi/lib/thumb/v7-m/nofp\libc_nano.a(libc_a-findfp.o) (__sread)
C:/ST/STM32CubeIDE_1.16.1/STM32CubeIDE/plugins/com.st.stm32cube.ide.mcu.externaltools.gnu-tools-for-stm32.12.3.rel1.win32_1.1.0.202410251130/tools/bin/../lib/gcc/arm-none-eabi/12.3.1/../../../../arm-none-eabi/lib/thumb/v7-m/nofp\libc_nano.a(libc_a-memset.o)
                              C:/ST/STM32CubeIDE_1.16.1/STM32CubeIDE/plugins/com.st.stm32cube.ide.mcu.externaltools.gnu-tools-for-stm32.12.3.rel1.win32_1.1.0.202410251130/tools/bin/../lib/gcc/arm-none-eabi/12.3.1/../../../../arm-none-eabi/lib/thumb/v7-m/nofp/crt0.o (memset)
C:/ST/STM32CubeIDE_1.16.1/STM32CubeIDE/plugins/com.st.stm32cube.ide.mcu.externaltools.gnu-tools-for-stm32.12.3.rel1.win32_1.1.0.202410251130/tools/bin/../lib/gcc/arm-none-eabi/12.3.1/../../../../arm-none-eabi/lib/thumb/v7-m/nofp\libc_nano.a(libc_a-closer.o)
                              C:/ST/STM32CubeIDE_1.16.1/STM32CubeIDE/plugins/com.st.stm32cube.ide.mcu.externaltools.gnu-tools-for-stm32.12.3.rel1.win32_1.1.0.202410251130/tools/bin/../lib/gcc/arm-none-eabi/12.3.1/../../../../arm-none-eabi/lib/thumb/v7-m/nofp\libc_nano.a(libc_a-stdio.o) (_close_r)
C:/ST/STM32CubeIDE_1.16.1/STM32CubeIDE/plugins/com.st.stm32cube.ide.mcu.externaltools.gnu-tools-for-stm32.12.3.rel1.win32_1.1.0.202410251130/tools/bin/../lib/gcc/arm-none-eabi/12.3.1/../../../../arm-none-eabi/lib/thumb/v7-m/nofp\libc_nano.a(libc_a-reent.o)
                              C:/ST/STM32CubeIDE_1.16.1/STM32CubeIDE/plugins/com.st.stm32cube.ide.mcu.externaltools.gnu-tools-for-stm32.12.3.rel1.win32_1.1.0.202410251130/tools/bin/../lib/gcc/arm-none-eabi/12.3.1/../../../../arm-none-eabi/lib/thumb/v7-m/nofp\libc_nano.a(libc_a-closer.o) (errno)
C:/ST/STM32CubeIDE_1.16.1/STM32CubeIDE/plugins/com.st.stm32cube.ide.mcu.externaltools.gnu-tools-for-stm32.12.3.rel1.win32_1.1.0.202410251130/tools/bin/../lib/gcc/arm-none-eabi/12.3.1/../../../../arm-none-eabi/lib/thumb/v7-m/nofp\libc_nano.a(libc_a-impure.o)
                              C:/ST/STM32CubeIDE_1.16.1/STM32CubeIDE/plugins/com.st.stm32cube.ide.mcu.externaltools.gnu-tools-for-stm32.12.3.rel1.win32_1.1.0.202410251130/tools/bin/../lib/gcc/arm-none-eabi/12.3.1/../../../../arm-none-eabi/lib/thumb/v7-m/nofp\libc_nano.a(libc_a-reent.o) (_impure_ptr)
C:/ST/STM32CubeIDE_1.16.1/STM32CubeIDE/plugins/com.st.stm32cube.ide.mcu.externaltools.gnu-tools-for-stm32.12.3.rel1.win32_1.1.0.202410251130/tools/bin/../lib/gcc/arm-none-eabi/12.3.1/../../../../arm-none-eabi/lib/thumb/v7-m/nofp\libc_nano.a(libc_a-lseekr.o)
[...]
Memory Configuration

Name             Origin             Length             Attributes
RAM              0x20000000         0x00005000         xrw
FLASH            0x08000000         0x00010000         xr
*default*        0x00000000         0xffffffff

Linker script and memory map

LOAD C:/ST/STM32CubeIDE_1.16.1/STM32CubeIDE/plugins/com.st.stm32cube.ide.mcu.externaltools.gnu-tools-for-stm32.12.3.rel1.win32_1.1.0.202410251130/tools/bin/../lib/gcc/arm-none-eabi/12.3.1/thumb/v7-m/nofp/crti.o
LOAD C:/ST/STM32CubeIDE_1.16.1/STM32CubeIDE/plugins/com.st.stm32cube.ide.mcu.externaltools.gnu-tools-for-stm32.12.3.rel1.win32_1.1.0.202410251130/tools/bin/../lib/gcc/arm-none-eabi/12.3.1/thumb/v7-m/nofp/crtbegin.o
LOAD C:/ST/STM32CubeIDE_1.16.1/STM32CubeIDE/plugins/com.st.stm32cube.ide.mcu.externaltools.gnu-tools-for-stm32.12.3.rel1.win32_1.1.0.202410251130/tools/bin/../lib/gcc/arm-none-eabi/12.3.1/../../../../arm-none-eabi/lib/thumb/v7-m/nofp/crt0.o
LOAD ./Core/Src/cart_adapter.o
LOAD ./Core/Src/main.o
LOAD ./Core/Src/stm32f1xx_hal_msp.o
LOAD ./Core/Src/stm32f1xx_it.o
LOAD ./Core/Src/syscalls.o
LOAD ./Core/Src/sysmem.o
LOAD ./Core/Src/system_stm32f1xx.o
LOAD ./Core/Src/uart.o
LOAD ./Core/Startup/startup_stm32f103c8tx.o
LOAD ./Drivers/STM32F1xx_HAL_Driver/Src/stm32f1xx_hal.o
LOAD ./Drivers/STM32F1xx_HAL_Driver/Src/stm32f1xx_hal_cortex.o
LOAD ./Drivers/STM32F1xx_HAL_Driver/Src/stm32f1xx_hal_dma.o
LOAD ./Drivers/STM32F1xx_HAL_Driver/Src/stm32f1xx_hal_exti.o
LOAD ./Drivers/STM32F1xx_HAL_Driver/Src/stm32f1xx_hal_flash.o
LOAD ./Drivers/STM32F1xx_HAL_Driver/Src/stm32f1xx_hal_flash_ex.o
LOAD ./Drivers/STM32F1xx_HAL_Driver/Src/stm32f1xx_hal_gpio.o
LOAD ./Drivers/STM32F1xx_HAL_Driver/Src/stm32f1xx_hal_gpio_ex.o
LOAD ./Drivers/STM32F1xx_HAL_Driver/Src/stm32f1xx_hal_pcd.o
LOAD ./Drivers/STM32F1xx_HAL_Driver/Src/stm32f1xx_hal_pcd_ex.o
LOAD ./Drivers/STM32F1xx_HAL_Driver/Src/stm32f1xx_hal_pwr.o
LOAD ./Drivers/STM32F1xx_HAL_Driver/Src/stm32f1xx_hal_rcc.o
LOAD ./Drivers/STM32F1xx_HAL_Driver/Src/stm32f1xx_hal_rcc_ex.o
LOAD ./Drivers/STM32F1xx_HAL_Driver/Src/stm32f1xx_ll_usb.o
LOAD ./Middlewares/ST/STM32_USB_Device_Library/Class/CDC/Src/usbd_cdc.o
LOAD ./Middlewares/ST/STM32_USB_Device_Library/Core/Src/usbd_core.o
LOAD ./Middlewares/ST/STM32_USB_Device_Library/Core/Src/usbd_ctlreq.o
LOAD ./Middlewares/ST/STM32_USB_Device_Library/Core/Src/usbd_ioreq.o
LOAD ./USB_DEVICE/App/usb_device.o
LOAD ./USB_DEVICE/App/usbd_cdc_if.o
LOAD ./USB_DEVICE/App/usbd_desc.o
LOAD ./USB_DEVICE/Target/usbd_conf.o
START GROUP
LOAD C:/ST/STM32CubeIDE_1.16.1/STM32CubeIDE/plugins/com.st.stm32cube.ide.mcu.externaltools.gnu-tools-for-stm32.12.3.rel1.win32_1.1.0.202410251130/tools/bin/../lib/gcc/arm-none-eabi/12.3.1/../../../../arm-none-eabi/lib/thumb/v7-m/nofp\libc_nano.a
LOAD C:/ST/STM32CubeIDE_1.16.1/STM32CubeIDE/plugins/com.st.stm32cube.ide.mcu.externaltools.gnu-tools-for-stm32.12.3.rel1.win32_1.1.0.202410251130/tools/bin/../lib/gcc/arm-none-eabi/12.3.1/../../../../arm-none-eabi/lib/thumb/v7-m/nofp\libm.a
END GROUP
START GROUP
LOAD C:/ST/STM32CubeIDE_1.16.1/STM32CubeIDE/plugins/com.st.stm32cube.ide.mcu.externaltools.gnu-tools-for-stm32.12.3.rel1.win32_1.1.0.202410251130/tools/bin/../lib/gcc/arm-none-eabi/12.3.1/thumb/v7-m/nofp\libgcc.a
LOAD C:/ST/STM32CubeIDE_1.16.1/STM32CubeIDE/plugins/com.st.stm32cube.ide.mcu.externaltools.gnu-tools-for-stm32.12.3.rel1.win32_1.1.0.202410251130/tools/bin/../lib/gcc/arm-none-eabi/12.3.1/../../../../arm-none-eabi/lib/thumb/v7-m/nofp\libc_nano.a
END GROUP
START GROUP
LOAD C:/ST/STM32CubeIDE_1.16.1/STM32CubeIDE/plugins/com.st.stm32cube.ide.mcu.externaltools.gnu-tools-for-stm32.12.3.rel1.win32_1.1.0.202410251130/tools/bin/../lib/gcc/arm-none-eabi/12.3.1/thumb/v7-m/nofp\libgcc.a
LOAD C:/ST/STM32CubeIDE_1.16.1/STM32CubeIDE/plugins/com.st.stm32cube.ide.mcu.externaltools.gnu-tools-for-stm32.12.3.rel1.win32_1.1.0.202410251130/tools/bin/../lib/gcc/arm-none-eabi/12.3.1/../../../../arm-none-eabi/lib/thumb/v7-m/nofp\libc_nano.a
LOAD C:/ST/STM32CubeIDE_1.16.1/STM32CubeIDE/plugins/com.st.stm32cube.ide.mcu.externaltools.gnu-tools-for-stm32.12.3.rel1.win32_1.1.0.202410251130/tools/bin/../lib/gcc/arm-none-eabi/12.3.1/../../../../arm-none-eabi/lib/thumb/v7-m/nofp\libnosys.a
END GROUP
START GROUP
LOAD C:/ST/STM32CubeIDE_1.16.1/STM32CubeIDE/plugins/com.st.stm32cube.ide.mcu.externaltools.gnu-tools-for-stm32.12.3.rel1.win32_1.1.0.202410251130/tools/bin/../lib/gcc/arm-none-eabi/12.3.1/thumb/v7-m/nofp\libgcc.a
LOAD C:/ST/STM32CubeIDE_1.16.1/STM32CubeIDE/plugins/com.st.stm32cube.ide.mcu.externaltools.gnu-tools-for-stm32.12.3.rel1.win32_1.1.0.202410251130/tools/bin/../lib/gcc/arm-none-eabi/12.3.1/../../../../arm-none-eabi/lib/thumb/v7-m/nofp\libc_nano.a
LOAD C:/ST/STM32CubeIDE_1.16.1/STM32CubeIDE/plugins/com.st.stm32cube.ide.mcu.externaltools.gnu-tools-for-stm32.12.3.rel1.win32_1.1.0.202410251130/tools/bin/../lib/gcc/arm-none-eabi/12.3.1/../../../../arm-none-eabi/lib/thumb/v7-m/nofp\libnosys.a
END GROUP
LOAD C:/ST/STM32CubeIDE_1.16.1/STM32CubeIDE/plugins/com.st.stm32cube.ide.mcu.externaltools.gnu-tools-for-stm32.12.3.rel1.win32_1.1.0.202410251130/tools/bin/../lib/gcc/arm-none-eabi/12.3.1/thumb/v7-m/nofp/crtend.o
LOAD C:/ST/STM32CubeIDE_1.16.1/STM32CubeIDE/plugins/com.st.stm32cube.ide.mcu.externaltools.gnu-tools-for-stm32.12.3.rel1.win32_1.1.0.202410251130/tools/bin/../lib/gcc/arm-none-eabi/12.3.1/thumb/v7-m/nofp/crtn.o
                0x20005000                        _estack = (ORIGIN (RAM) + LENGTH (RAM))
                0x00000200                        _Min_Heap_Size = 0x200
                0x00000400                        _Min_Stack_Size = 0x400

.isr_vector     0x08000000      0x10c
                0x08000000                        . = ALIGN (0x4)
 *(.isr_vector)
 .isr_vector    0x08000000      0x10c ./Core/Startup/startup_stm32f103c8tx.o
                0x08000000                g_pfnVectors
                0x0800010c                        . = ALIGN (0x4)

.text           0x0800010c     0x846c
                0x0800010c                        . = ALIGN (0x4)
 *(.text)
 .text          0x0800010c       0x40 C:/ST/STM32CubeIDE_1.16.1/STM32CubeIDE/plugins/com.st.stm32cube.ide.mcu.externaltools.gnu-tools-for-stm32.12.3.rel1.win32_1.1.0.202410251130/tools/bin/../lib/gcc/arm-none-eabi/12.3.1/thumb/v7-m/nofp/crtbegin.o
 *(.text*)
 .text.cart_setDirection_ad
                0x0800014c       0x48 ./Core/Src/cart_adapter.o
                0x0800014c                cart_setDirection_ad
 .text.cart_setDirection_a
                0x08000194       0x38 ./Core/Src/cart_adapter.o
                0x08000194                cart_setDirection_a
 .text.cart_readBus_ad
                0x080001cc       0x18 ./Core/Src/cart_adapter.o
                0x080001cc                cart_readBus_ad
 .text.cart_readBus_a
                0x080001e4       0x18 ./Core/Src/cart_adapter.o
                0x080001e4                cart_readBus_a
 .text.cart_writeBus_ad
                0x080001fc       0x20 ./Core/Src/cart_adapter.o
                0x080001fc                cart_writeBus_ad
 .text.cart_writeBus_a
                0x0800021c       0x2c ./Core/Src/cart_adapter.o
                0x0800021c                cart_writeBus_a
 .text.cart_romRead
                0x08000248       0x90 ./Core/Src/cart_adapter.o
                0x08000248                cart_romRead
 .text.cart_romWrite
                0x080002d8       0x8c ./Core/Src/cart_adapter.o
                0x080002d8                cart_romWrite
 .text.cart_ramRead
                0x08000364       0x88 ./Core/Src/cart_adapter.o
                0x08000364                cart_ramRead
 .text.cart_ramWrite
                0x080003ec       0x8c ./Core/Src/cart_adapter.o
                0x080003ec                cart_ramWrite
 .text.cart_gbcRead
                0x08000478       0x84 ./Core/Src/cart_adapter.o
                0x08000478                cart_gbcRead
 .text.cart_gbcWrite
                0x080004fc       0x88 ./Core/Src/cart_adapter.o
                0x080004fc                cart_gbcWrite
 .text.main     0x08000584       0x1a ./Core/Src/main.o
                0x08000584                main
 .text.SystemClock_Config
                0x0800059e       0xb4 ./Core/Src/main.o
                0x0800059e                SystemClock_Config
 *fill*         0x08000652        0x2 
 .text.MX_GPIO_Init
                0x08000654      0x114 ./Core/Src/main.o
 .text.Error_Handler
                0x08000768        0xc ./Core/Src/main.o
                0x08000768                Error_Handler
 .text.HAL_MspInit
                0x08000774       0x64 ./Core/Src/stm32f1xx_hal_msp.o
                0x08000774                HAL_MspInit
 .text.NMI_Handler
                0x080007d8        0x8 ./Core/Src/stm32f1xx_it.o
                0x080007d8                NMI_Handler
 .text.HardFault_Handler
                0x080007e0        0x8 ./Core/Src/stm32f1xx_it.o
                0x080007e0                HardFault_Handler
 .text.MemManage_Handler
                0x080007e8        0x8 ./Core/Src/stm32f1xx_it.o
                0x080007e8                MemManage_Handler
 .text.BusFault_Handler
                0x080007f0        0x8 ./Core/Src/stm32f1xx_it.o
                0x080007f0                BusFault_Handler
 .text.UsageFault_Handler
                0x080007f8        0x8 ./Core/Src/stm32f1xx_it.o
                0x080007f8                UsageFault_Handler
 .text.SVC_Handler
                0x08000800        0xc ./Core/Src/stm32f1xx_it.o
                0x08000800                SVC_Handler
 .text.DebugMon_Handler
                0x0800080c        0xc ./Core/Src/stm32f1xx_it.o
                0x0800080c                DebugMon_Handler
 .text.PendSV_Handler
                0x08000818        0xc ./Core/Src/stm32f1xx_it.o
                0x08000818                PendSV_Handler
 .text.SysTick_Handler
                0x08000824        0xc ./Core/Src/stm32f1xx_it.o
                0x08000824                SysTick_Handler
 .text.USB_LP_CAN1_RX0_IRQHandler
                0x08000830       0x14 ./Core/Src/stm32f1xx_it.o
                0x08000830                USB_LP_CAN1_RX0_IRQHandler
 .text.SystemInit
                0x08000844        0xc ./Core/Src/system_stm32f1xx.o
                0x08000844                SystemInit
 .text.uart_setControlLine
                0x08000850       0x64 ./Core/Src/uart.o
                0x08000850                uart_setControlLine
 .text.uart_responData
                0x080008b4       0x90 ./Core/Src/uart.o
                0x080008b4                uart_responData
 .text.uart_responAck
                0x08000944       0x34 ./Core/Src/uart.o
                0x08000944                uart_responAck
 .text.uart_cmdRecv
                0x08000978       0x68 ./Core/Src/uart.o
                0x08000978                uart_cmdRecv
 .text.uart_clearRecvBuf
                0x080009e0       0x2c ./Core/Src/uart.o
                0x080009e0                uart_clearRecvBuf
 .text.uart_cmdHandler
                0x08000a0c       0xe4 ./Core/Src/uart.o
                0x08000a0c                uart_cmdHandler
 .text.romWaitForDone
                0x08000af0       0x60 ./Core/Src/uart.o
                0x08000af0                romWaitForDone
 .text.romGetID
                0x08000b50       0xa0 ./Core/Src/uart.o
                0x08000b50                romGetID
 .text.romEraseChip
                0x08000bf0       0x82 ./Core/Src/uart.o
                0x08000bf0                romEraseChip
 .text.romEraseBlock
                0x08000c72       0x10 ./Core/Src/uart.o
                0x08000c72                romEraseBlock
 *fill*         0x08000c82        0x2 
 .text.romEraseSector
                0x08000c84       0xa4 ./Core/Src/uart.o
                0x08000c84                romEraseSector
 .text.romProgram
                0x08000d28      0x1a0 ./Core/Src/uart.o
                0x08000d28                romProgram
 .text.romWrite
                0x08000ec8       0x4c ./Core/Src/uart.o
                0x08000ec8                romWrite
 .text.romRead  0x08000f14       0x60 ./Core/Src/uart.o
                0x08000f14                romRead
 .text.ramWrite
                0x08000f74       0x4c ./Core/Src/uart.o
                0x08000f74                ramWrite
 .text.ramRead  0x08000fc0       0x54 ./Core/Src/uart.o
                0x08000fc0                ramRead
 .text.ramProgramFlash
                0x08001014       0xd4 ./Core/Src/uart.o
                0x08001014                ramProgramFlash
 .text.gbcWrite
                0x080010e8       0x4c ./Core/Src/uart.o
                0x080010e8                gbcWrite
 .text.gbcRead  0x08001134       0x54 ./Core/Src/uart.o
                0x08001134                gbcRead
 .text.gbcRomProgram
                0x08001188      0x1ac ./Core/Src/uart.o
                0x08001188                gbcRomProgram
 .text.Reset_Handler
                0x08001334       0x48 ./Core/Startup/startup_stm32f103c8tx.o
                0x08001334                Reset_Handler
 .text.Default_Handler
                0x0800137c        0x2 ./Core/Startup/startup_stm32f103c8tx.o
                0x0800137c                RTC_Alarm_IRQHandler
                0x0800137c                EXTI2_IRQHandler
                0x0800137c                TIM1_CC_IRQHandler
                0x0800137c                PVD_IRQHandler
                0x0800137c                EXTI3_IRQHandler
                0x0800137c                EXTI0_IRQHandler
                0x0800137c                I2C2_EV_IRQHandler
                0x0800137c                ADC1_2_IRQHandler
                0x0800137c                SPI1_IRQHandler
                0x0800137c                TAMPER_IRQHandler
                0x0800137c                DMA1_Channel4_IRQHandler
                0x0800137c                USART3_IRQHandler
                0x0800137c                RTC_IRQHandler
                0x0800137c                DMA1_Channel7_IRQHandler
                0x0800137c                CAN1_RX1_IRQHandler
                0x0800137c                TIM4_IRQHandler
                0x0800137c                I2C1_EV_IRQHandler
                0x0800137c                DMA1_Channel6_IRQHandler
                0x0800137c                TIM3_IRQHandler
                0x0800137c                RCC_IRQHandler
                0x0800137c                TIM1_TRG_COM_IRQHandler
                0x0800137c                DMA1_Channel1_IRQHandler
                0x0800137c                Default_Handler
                0x0800137c                EXTI15_10_IRQHandler
                0x0800137c                EXTI9_5_IRQHandler
                0x0800137c                SPI2_IRQHandler
                0x0800137c                DMA1_Channel5_IRQHandler
                0x0800137c                EXTI4_IRQHandler
                0x0800137c                USB_HP_CAN1_TX_IRQHandler
                0x0800137c                DMA1_Channel3_IRQHandler
                0x0800137c                TIM1_UP_IRQHandler
                0x0800137c                WWDG_IRQHandler
                0x0800137c                TIM2_IRQHandler
                0x0800137c                TIM1_BRK_IRQHandler
                0x0800137c                EXTI1_IRQHandler
                0x0800137c                USART2_IRQHandler
                0x0800137c                I2C2_ER_IRQHandler
                0x0800137c                DMA1_Channel2_IRQHandler
                0x0800137c                CAN1_SCE_IRQHandler
                0x0800137c                FLASH_IRQHandler
                0x0800137c                USART1_IRQHandler
                0x0800137c                I2C1_ER_IRQHandler
                0x0800137c                USBWakeUp_IRQHandler
 *fill*         0x0800137e        0x2 
 .text.HAL_Init
                0x08001380       0x2c ./Drivers/STM32F1xx_HAL_Driver/Src/stm32f1xx_hal.o
                0x08001380                HAL_Init
 .text.HAL_InitTick
                0x080013ac       0x60 ./Drivers/STM32F1xx_HAL_Driver/Src/stm32f1xx_hal.o
                0x080013ac                HAL_InitTick
 .text.HAL_IncTick
                0x0800140c       0x24 ./Drivers/STM32F1xx_HAL_Driver/Src/stm32f1xx_hal.o
                0x0800140c                HAL_IncTick
 .text.HAL_GetTick
                0x08001430       0x14 ./Drivers/STM32F1xx_HAL_Driver/Src/stm32f1xx_hal.o
                0x08001430                HAL_GetTick
 .text.__NVIC_SetPriorityGrouping
                0x08001444       0x48 ./Drivers/STM32F1xx_HAL_Driver/Src/stm32f1xx_hal_cortex.o
 .text.__NVIC_GetPriorityGrouping
                0x0800148c       0x1c ./Drivers/STM32F1xx_HAL_Driver/Src/stm32f1xx_hal_cortex.o
 .text.__NVIC_EnableIRQ
                0x080014a8       0x38 ./Drivers/STM32F1xx_HAL_Driver/Src/stm32f1xx_hal_cortex.o
 .text.__NVIC_SetPriority
                0x080014e0       0x54 ./Drivers/STM32F1xx_HAL_Driver/Src/stm32f1xx_hal_cortex.o
 .text.NVIC_EncodePriority
                0x08001534       0x64 ./Drivers/STM32F1xx_HAL_Driver/Src/stm32f1xx_hal_cortex.o
 .text.SysTick_Config
                0x08001598       0x44 ./Drivers/STM32F1xx_HAL_Driver/Src/stm32f1xx_hal_cortex.o
 .text.HAL_NVIC_SetPriorityGrouping
                0x080015dc       0x16 ./Drivers/STM32F1xx_HAL_Driver/Src/stm32f1xx_hal_cortex.o
                0x080015dc                HAL_NVIC_SetPriorityGrouping
 .text.HAL_NVIC_SetPriority
                0x080015f2       0x38 ./Drivers/STM32F1xx_HAL_Driver/Src/stm32f1xx_hal_cortex.o
                0x080015f2                HAL_NVIC_SetPriority
 .text.HAL_NVIC_EnableIRQ
                0x0800162a       0x1c ./Drivers/STM32F1xx_HAL_Driver/Src/stm32f1xx_hal_cortex.o
                0x0800162a                HAL_NVIC_EnableIRQ
 .text.HAL_SYSTICK_Config
                0x08001646       0x18 ./Drivers/STM32F1xx_HAL_Driver/Src/stm32f1xx_hal_cortex.o
                0x08001646                HAL_SYSTICK_Config
 *fill*         0x0800165e        0x2 
 .text.HAL_GPIO_Init
                0x08001660      0x308 ./Drivers/STM32F1xx_HAL_Driver/Src/stm32f1xx_hal_gpio.o
                0x08001660                HAL_GPIO_Init
 .text.HAL_GPIO_WritePin
                0x08001968       0x30 ./Drivers/STM32F1xx_HAL_Driver/Src/stm32f1xx_hal_gpio.o
                0x08001968                HAL_GPIO_WritePin
 .text.HAL_PCD_Init
                0x08001998      0x1ec ./Drivers/STM32F1xx_HAL_Driver/Src/stm32f1xx_hal_pcd.o
                0x08001998                HAL_PCD_Init
 .text.HAL_PCD_Start
                0x08001b84       0x4c ./Drivers/STM32F1xx_HAL_Driver/Src/stm32f1xx_hal_pcd.o
                0x08001b84                HAL_PCD_Start
 .text.HAL_PCD_IRQHandler
                0x08001bd0      0x260 ./Drivers/STM32F1xx_HAL_Driver/Src/stm32f1xx_hal_pcd.o
                0x08001bd0                HAL_PCD_IRQHandler
 .text.HAL_PCD_SetAddress
                0x08001e30       0x48 ./Drivers/STM32F1xx_HAL_Driver/Src/stm32f1xx_hal_pcd.o
                0x08001e30                HAL_PCD_SetAddress
 .text.HAL_PCD_EP_Open
                0x08001e78       0xba ./Drivers/STM32F1xx_HAL_Driver/Src/stm32f1xx_hal_pcd.o
                0x08001e78                HAL_PCD_EP_Open
 .text.HAL_PCD_EP_Close
                0x08001f32       0x90 ./Drivers/STM32F1xx_HAL_Driver/Src/stm32f1xx_hal_pcd.o
                0x08001f32                HAL_PCD_EP_Close
 .text.HAL_PCD_EP_Receive
                0x08001fc2       0x62 ./Drivers/STM32F1xx_HAL_Driver/Src/stm32f1xx_hal_pcd.o
                0x08001fc2                HAL_PCD_EP_Receive
 .text.HAL_PCD_EP_GetRxCount
                0x08002024       0x2e ./Drivers/STM32F1xx_HAL_Driver/Src/stm32f1xx_hal_pcd.o
                0x08002024                HAL_PCD_EP_GetRxCount
 .text.HAL_PCD_EP_Transmit
                0x08002052       0x6e ./Drivers/STM32F1xx_HAL_Driver/Src/stm32f1xx_hal_pcd.o
                0x08002052                HAL_PCD_EP_Transmit
 .text.HAL_PCD_EP_SetStall
                0x080020c0       0xc0 ./Drivers/STM32F1xx_HAL_Driver/Src/stm32f1xx_hal_pcd.o
                0x080020c0                HAL_PCD_EP_SetStall
 .text.HAL_PCD_EP_ClrStall
                0x08002180       0xa8 ./Drivers/STM32F1xx_HAL_Driver/Src/stm32f1xx_hal_pcd.o
                0x08002180                HAL_PCD_EP_ClrStall
 .text.PCD_EP_ISR_Handler
                0x08002228      0x79e ./Drivers/STM32F1xx_HAL_Driver/Src/stm32f1xx_hal_pcd.o
 .text.HAL_PCD_EP_DB_Receive
                0x080029c6      0x21a ./Drivers/STM32F1xx_HAL_Driver/Src/stm32f1xx_hal_pcd.o
 .text.HAL_PCD_EP_DB_Transmit
                0x08002be0      0x7f4 ./Drivers/STM32F1xx_HAL_Driver/Src/stm32f1xx_hal_pcd.o
 .text.HAL_PCDEx_PMAConfig
                0x080033d4       0x84 ./Drivers/STM32F1xx_HAL_Driver/Src/stm32f1xx_hal_pcd_ex.o
                0x080033d4                HAL_PCDEx_PMAConfig
 .text.HAL_RCC_OscConfig
                0x08003458      0x504 ./Drivers/STM32F1xx_HAL_Driver/Src/stm32f1xx_hal_rcc.o
                0x08003458                HAL_RCC_OscConfig
 .text.HAL_RCC_ClockConfig
                0x0800395c      0x1d4 ./Drivers/STM32F1xx_HAL_Driver/Src/stm32f1xx_hal_rcc.o
                0x0800395c                HAL_RCC_ClockConfig
 .text.HAL_RCC_GetSysClockFreq
                0x08003b30       0xa8 ./Drivers/STM32F1xx_HAL_Driver/Src/stm32f1xx_hal_rcc.o
                0x08003b30                HAL_RCC_GetSysClockFreq
 .text.RCC_Delay
                0x08003bd8       0x3c ./Drivers/STM32F1xx_HAL_Driver/Src/stm32f1xx_hal_rcc.o
 .text.HAL_RCCEx_PeriphCLKConfig
                0x08003c14      0x16c ./Drivers/STM32F1xx_HAL_Driver/Src/stm32f1xx_hal_rcc_ex.o
                0x08003c14                HAL_RCCEx_PeriphCLKConfig
 .text.USB_CoreInit
                0x08003d80       0x1a ./Drivers/STM32F1xx_HAL_Driver/Src/stm32f1xx_ll_usb.o
                0x08003d80                USB_CoreInit
 .text.USB_EnableGlobalInt
                0x08003d9a       0x2c ./Drivers/STM32F1xx_HAL_Driver/Src/stm32f1xx_ll_usb.o
                0x08003d9a                USB_EnableGlobalInt
 .text.USB_DisableGlobalInt
                0x08003dc6       0x34 ./Drivers/STM32F1xx_HAL_Driver/Src/stm32f1xx_ll_usb.o
                0x08003dc6                USB_DisableGlobalInt
 .text.USB_SetCurrentMode
                0x08003dfa       0x18 ./Drivers/STM32F1xx_HAL_Driver/Src/stm32f1xx_ll_usb.o
                0x08003dfa                USB_SetCurrentMode
 .text.USB_DevInit
                0x08003e12       0x3a ./Drivers/STM32F1xx_HAL_Driver/Src/stm32f1xx_ll_usb.o
                0x08003e12                USB_DevInit
 .text.USB_ActivateEndpoint
                0x08003e4c      0x780 ./Drivers/STM32F1xx_HAL_Driver/Src/stm32f1xx_ll_usb.o
                0x08003e4c                USB_ActivateEndpoint
 .text.USB_DeactivateEndpoint
                0x080045cc      0x3d8 ./Drivers/STM32F1xx_HAL_Driver/Src/stm32f1xx_ll_usb.o
                0x080045cc                USB_DeactivateEndpoint
 .text.USB_EPStartXfer
                0x080049a4     0x1762 ./Drivers/STM32F1xx_HAL_Driver/Src/stm32f1xx_ll_usb.o
                0x080049a4                USB_EPStartXfer
 .text.USB_EPSetStall
                0x08006106       0xa0 ./Drivers/STM32F1xx_HAL_Driver/Src/stm32f1xx_ll_usb.o
                0x08006106                USB_EPSetStall
 .text.USB_EPClearStall
                0x080061a6      0x15a ./Drivers/STM32F1xx_HAL_Driver/Src/stm32f1xx_ll_usb.o
                0x080061a6                USB_EPClearStall
 .text.USB_SetDevAddress
                0x08006300       0x26 ./Drivers/STM32F1xx_HAL_Driver/Src/stm32f1xx_ll_usb.o
                0x08006300                USB_SetDevAddress
 .text.USB_DevConnect
                0x08006326       0x14 ./Drivers/STM32F1xx_HAL_Driver/Src/stm32f1xx_ll_usb.o
                0x08006326                USB_DevConnect
 .text.USB_DevDisconnect
                0x0800633a       0x14 ./Drivers/STM32F1xx_HAL_Driver/Src/stm32f1xx_ll_usb.o
                0x0800633a                USB_DevDisconnect
 .text.USB_ReadInterrupts
                0x0800634e       0x1e ./Drivers/STM32F1xx_HAL_Driver/Src/stm32f1xx_ll_usb.o
                0x0800634e                USB_ReadInterrupts
 .text.USB_EP0_OutStart
                0x0800636c       0x16 ./Drivers/STM32F1xx_HAL_Driver/Src/stm32f1xx_ll_usb.o
                0x0800636c                USB_EP0_OutStart
 .text.USB_WritePMA
                0x08006382       0x8a ./Drivers/STM32F1xx_HAL_Driver/Src/stm32f1xx_ll_usb.o
                0x08006382                USB_WritePMA
 .text.USB_ReadPMA
                0x0800640c       0x9e ./Drivers/STM32F1xx_HAL_Driver/Src/stm32f1xx_ll_usb.o
                0x0800640c                USB_ReadPMA
 .text.USBD_CDC_Init
                0x080064aa       0xf4 ./Middlewares/ST/STM32_USB_Device_Library/Class/CDC/Src/usbd_cdc.o
 .text.USBD_CDC_DeInit
                0x0800659e       0x6e ./Middlewares/ST/STM32_USB_Device_Library/Class/CDC/Src/usbd_cdc.o
 .text.USBD_CDC_Setup
                0x0800660c      0x146 ./Middlewares/ST/STM32_USB_Device_Library/Class/CDC/Src/usbd_cdc.o
 .text.USBD_CDC_DataIn
                0x08006752       0xa6 ./Middlewares/ST/STM32_USB_Device_Library/Class/CDC/Src/usbd_cdc.o
 .text.USBD_CDC_DataOut
                0x080067f8       0x56 ./Middlewares/ST/STM32_USB_Device_Library/Class/CDC/Src/usbd_cdc.o
 .text.USBD_CDC_EP0_RxReady
                0x0800684e       0x4e ./Middlewares/ST/STM32_USB_Device_Library/Class/CDC/Src/usbd_cdc.o
 .text.USBD_CDC_GetFSCfgDesc
                0x0800689c       0x20 ./Middlewares/ST/STM32_USB_Device_Library/Class/CDC/Src/usbd_cdc.o
 .text.USBD_CDC_GetHSCfgDesc
                0x080068bc       0x20 ./Middlewares/ST/STM32_USB_Device_Library/Class/CDC/Src/usbd_cdc.o
 .text.USBD_CDC_GetOtherSpeedCfgDesc
                0x080068dc       0x20 ./Middlewares/ST/STM32_USB_Device_Library/Class/CDC/Src/usbd_cdc.o
 .text.USBD_CDC_GetDeviceQualifierDescriptor
                0x080068fc       0x20 ./Middlewares/ST/STM32_USB_Device_Library/Class/CDC/Src/usbd_cdc.o
                0x080068fc                USBD_CDC_GetDeviceQualifierDescriptor
 .text.USBD_CDC_RegisterInterface
                0x0800691c       0x2c ./Middlewares/ST/STM32_USB_Device_Library/Class/CDC/Src/usbd_cdc.o
                0x0800691c                USBD_CDC_RegisterInterface
 .text.USBD_CDC_SetTxBuffer
                0x08006948       0x32 ./Middlewares/ST/STM32_USB_Device_Library/Class/CDC/Src/usbd_cdc.o
                0x08006948                USBD_CDC_SetTxBuffer
 .text.USBD_CDC_SetRxBuffer
                0x0800697a       0x26 ./Middlewares/ST/STM32_USB_Device_Library/Class/CDC/Src/usbd_cdc.o
                0x0800697a                USBD_CDC_SetRxBuffer
 .text.USBD_CDC_TransmitPacket
                0x080069a0       0x5e ./Middlewares/ST/STM32_USB_Device_Library/Class/CDC/Src/usbd_cdc.o
                0x080069a0                USBD_CDC_TransmitPacket
 .text.USBD_CDC_ReceivePacket
                0x080069fe       0x54 ./Middlewares/ST/STM32_USB_Device_Library/Class/CDC/Src/usbd_cdc.o
                0x080069fe                USBD_CDC_ReceivePacket
 .text.USBD_Init
                0x08006a52       0x56 ./Middlewares/ST/STM32_USB_Device_Library/Core/Src/usbd_core.o
                0x08006a52                USBD_Init
 .text.USBD_RegisterClass
                0x08006aa8       0x32 ./Middlewares/ST/STM32_USB_Device_Library/Core/Src/usbd_core.o
                0x08006aa8                USBD_RegisterClass
 .text.USBD_Start
                0x08006ada       0x18 ./Middlewares/ST/STM32_USB_Device_Library/Core/Src/usbd_core.o
                0x08006ada                USBD_Start
 .text.USBD_RunTestMode
                0x08006af2       0x14 ./Middlewares/ST/STM32_USB_Device_Library/Core/Src/usbd_core.o
                0x08006af2                USBD_RunTestMode
 .text.USBD_SetClassConfig
                0x08006b06       0x3e ./Middlewares/ST/STM32_USB_Device_Library/Core/Src/usbd_core.o
                0x08006b06                USBD_SetClassConfig
 .text.USBD_ClrClassConfig
                0x08006b44       0x26 ./Middlewares/ST/STM32_USB_Device_Library/Core/Src/usbd_core.o
                0x08006b44                USBD_ClrClassConfig
 .text.USBD_LL_SetupStage
                0x08006b6a       0x9a ./Middlewares/ST/STM32_USB_Device_Library/Core/Src/usbd_core.o
                0x08006b6a                USBD_LL_SetupStage
 .text.USBD_LL_DataOutStage
                0x08006c04       0xe2 ./Middlewares/ST/STM32_USB_Device_Library/Core/Src/usbd_core.o
                0x08006c04                USBD_LL_DataOutStage
 .text.USBD_LL_DataInStage
                0x08006ce6      0x14a ./Middlewares/ST/STM32_USB_Device_Library/Core/Src/usbd_core.o
                0x08006ce6                USBD_LL_DataInStage
 .text.USBD_LL_Reset
                0x08006e30       0x82 ./Middlewares/ST/STM32_USB_Device_Library/Core/Src/usbd_core.o
                0x08006e30                USBD_LL_Reset
 .text.USBD_LL_SetSpeed
                0x08006eb2       0x1e ./Middlewares/ST/STM32_USB_Device_Library/Core/Src/usbd_core.o
                0x08006eb2                USBD_LL_SetSpeed
 .text.USBD_LL_Suspend
                0x08006ed0       0x28 ./Middlewares/ST/STM32_USB_Device_Library/Core/Src/usbd_core.o
                0x08006ed0                USBD_LL_Suspend
 .text.USBD_LL_Resume
                0x08006ef8       0x2a ./Middlewares/ST/STM32_USB_Device_Library/Core/Src/usbd_core.o
                0x08006ef8                USBD_LL_Resume
 .text.USBD_LL_SOF
                0x08006f22       0x34 ./Middlewares/ST/STM32_USB_Device_Library/Core/Src/usbd_core.o
                0x08006f22                USBD_LL_SOF
 *fill*         0x08006f56        0x2 
 .text.USBD_StdDevReq
                0x08006f58       0xd4 ./Middlewares/ST/STM32_USB_Device_Library/Core/Src/usbd_ctlreq.o
                0x08006f58                USBD_StdDevReq
 .text.USBD_StdItfReq
                0x0800702c       0x90 ./Middlewares/ST/STM32_USB_Device_Library/Core/Src/usbd_ctlreq.o
                0x0800702c                USBD_StdItfReq
 .text.USBD_StdEPReq
                0x080070bc      0x2c6 ./Middlewares/ST/STM32_USB_Device_Library/Core/Src/usbd_ctlreq.o
                0x080070bc                USBD_StdEPReq
 *fill*         0x08007382        0x2 
 .text.USBD_GetDescriptor
                0x08007384      0x2d0 ./Middlewares/ST/STM32_USB_Device_Library/Core/Src/usbd_ctlreq.o
 .text.USBD_SetAddress
                0x08007654       0x86 ./Middlewares/ST/STM32_USB_Device_Library/Core/Src/usbd_ctlreq.o
 *fill*         0x080076da        0x2 
 .text.USBD_SetConfig
                0x080076dc      0x11c ./Middlewares/ST/STM32_USB_Device_Library/Core/Src/usbd_ctlreq.o
 .text.USBD_GetConfig
                0x080077f8       0x6a ./Middlewares/ST/STM32_USB_Device_Library/Core/Src/usbd_ctlreq.o
 .text.USBD_GetStatus
                0x08007862       0x66 ./Middlewares/ST/STM32_USB_Device_Library/Core/Src/usbd_ctlreq.o
 .text.USBD_SetFeature
                0x080078c8       0x28 ./Middlewares/ST/STM32_USB_Device_Library/Core/Src/usbd_ctlreq.o
 .text.USBD_ClrFeature
                0x080078f0       0x42 ./Middlewares/ST/STM32_USB_Device_Library/Core/Src/usbd_ctlreq.o
 .text.USBD_ParseSetupRequest
                0x08007932       0x72 ./Middlewares/ST/STM32_USB_Device_Library/Core/Src/usbd_ctlreq.o
                0x08007932                USBD_ParseSetupRequest
 .text.USBD_CtlError
                0x080079a4       0x22 ./Middlewares/ST/STM32_USB_Device_Library/Core/Src/usbd_ctlreq.o
                0x080079a4                USBD_CtlError
 .text.USBD_GetString
                0x080079c6       0x84 ./Middlewares/ST/STM32_USB_Device_Library/Core/Src/usbd_ctlreq.o
                0x080079c6                USBD_GetString
 .text.USBD_GetLen
                0x08007a4a       0x2e ./Middlewares/ST/STM32_USB_Device_Library/Core/Src/usbd_ctlreq.o
 .text.USBD_CtlSendData
                0x08007a78       0x38 ./Middlewares/ST/STM32_USB_Device_Library/Core/Src/usbd_ioreq.o
                0x08007a78                USBD_CtlSendData
 .text.USBD_CtlContinueSendData
                0x08007ab0       0x24 ./Middlewares/ST/STM32_USB_Device_Library/Core/Src/usbd_ioreq.o
                0x08007ab0                USBD_CtlContinueSendData
 .text.USBD_CtlPrepareRx
                0x08007ad4       0x3c ./Middlewares/ST/STM32_USB_Device_Library/Core/Src/usbd_ioreq.o
                0x08007ad4                USBD_CtlPrepareRx
 .text.USBD_CtlContinueRx
                0x08007b10       0x24 ./Middlewares/ST/STM32_USB_Device_Library/Core/Src/usbd_ioreq.o
                0x08007b10                USBD_CtlContinueRx
 .text.USBD_CtlSendStatus
                0x08007b34       0x26 ./Middlewares/ST/STM32_USB_Device_Library/Core/Src/usbd_ioreq.o
                0x08007b34                USBD_CtlSendStatus
 .text.USBD_CtlReceiveStatus
                0x08007b5a       0x26 ./Middlewares/ST/STM32_USB_Device_Library/Core/Src/usbd_ioreq.o
                0x08007b5a                USBD_CtlReceiveStatus
 .text.MX_USB_DEVICE_Init
                0x08007b80       0x60 ./USB_DEVICE/App/usb_device.o
                0x08007b80                MX_USB_DEVICE_Init
 .text.CDC_Init_FS
                0x08007be0       0x28 ./USB_DEVICE/App/usbd_cdc_if.o
 .text.CDC_DeInit_FS
                0x08007c08        0xe ./USB_DEVICE/App/usbd_cdc_if.o
 *fill*         0x08007c16        0x2 
 .text.CDC_Control_FS
                0x08007c18       0xe4 ./USB_DEVICE/App/usbd_cdc_if.o
 .text.CDC_Receive_FS
                0x08007cfc       0x34 ./USB_DEVICE/App/usbd_cdc_if.o
 .text.CDC_Transmit_FS
                0x08007d30       0x4c ./USB_DEVICE/App/usbd_cdc_if.o
                0x08007d30                CDC_Transmit_FS
 .text.USBD_FS_DeviceDescriptor
                0x08007d7c       0x24 ./USB_DEVICE/App/usbd_desc.o
                0x08007d7c                USBD_FS_DeviceDescriptor
 .text.USBD_FS_LangIDStrDescriptor
                0x08007da0       0x24 ./USB_DEVICE/App/usbd_desc.o
                0x08007da0                USBD_FS_LangIDStrDescriptor
 .text.USBD_FS_ProductStrDescriptor
                0x08007dc4       0x3c ./USB_DEVICE/App/usbd_desc.o
                0x08007dc4                USBD_FS_ProductStrDescriptor
 .text.USBD_FS_ManufacturerStrDescriptor
                0x08007e00       0x28 ./USB_DEVICE/App/usbd_desc.o
                0x08007e00                USBD_FS_ManufacturerStrDescriptor
 .text.USBD_FS_SerialStrDescriptor
                0x08007e28       0x24 ./USB_DEVICE/App/usbd_desc.o
                0x08007e28                USBD_FS_SerialStrDescriptor
 .text.USBD_FS_ConfigStrDescriptor
                0x08007e4c       0x3c ./USB_DEVICE/App/usbd_desc.o
                0x08007e4c                USBD_FS_ConfigStrDescriptor
 .text.USBD_FS_InterfaceStrDescriptor
                0x08007e88       0x3c ./USB_DEVICE/App/usbd_desc.o
                0x08007e88                USBD_FS_InterfaceStrDescriptor
 .text.Get_SerialNum
                0x08007ec4       0x58 ./USB_DEVICE/App/usbd_desc.o
 .text.IntToUnicode
                0x08007f1c       0x7c ./USB_DEVICE/App/usbd_desc.o
 .text.HAL_PCD_MspInit
                0x08007f98       0x4c ./USB_DEVICE/Target/usbd_conf.o
                0x08007f98                HAL_PCD_MspInit
 .text.HAL_PCD_SetupStageCallback
                0x08007fe4       0x24 ./USB_DEVICE/Target/usbd_conf.o
                0x08007fe4                HAL_PCD_SetupStageCallback
 .text.HAL_PCD_DataOutStageCallback
                0x08008008       0x36 ./USB_DEVICE/Target/usbd_conf.o
                0x08008008                HAL_PCD_DataOutStageCallback
 .text.HAL_PCD_DataInStageCallback
                0x0800803e       0x34 ./USB_DEVICE/Target/usbd_conf.o
                0x0800803e                HAL_PCD_DataInStageCallback
 .text.HAL_PCD_SOFCallback
                0x08008072       0x1c ./USB_DEVICE/Target/usbd_conf.o
                0x08008072                HAL_PCD_SOFCallback
 .text.HAL_PCD_ResetCallback
                0x0800808e       0x3c ./USB_DEVICE/Target/usbd_conf.o
                0x0800808e                HAL_PCD_ResetCallback
 *fill*         0x080080ca        0x2 
 .text.HAL_PCD_SuspendCallback
                0x080080cc       0x34 ./USB_DEVICE/Target/usbd_conf.o
                0x080080cc                HAL_PCD_SuspendCallback
 .text.HAL_PCD_ResumeCallback
                0x08008100       0x1c ./USB_DEVICE/Target/usbd_conf.o
                0x08008100                HAL_PCD_ResumeCallback
 .text.USBD_LL_Init
                0x0800811c       0xb4 ./USB_DEVICE/Target/usbd_conf.o
                0x0800811c                USBD_LL_Init
 .text.USBD_LL_Start
                0x080081d0       0x36 ./USB_DEVICE/Target/usbd_conf.o
                0x080081d0                USBD_LL_Start
 .text.USBD_LL_OpenEP
                0x08008206       0x4c ./USB_DEVICE/Target/usbd_conf.o
                0x08008206                USBD_LL_OpenEP
 .text.USBD_LL_CloseEP
                0x08008252       0x3e ./USB_DEVICE/Target/usbd_conf.o
                0x08008252                USBD_LL_CloseEP
 .text.USBD_LL_StallEP
                0x08008290       0x3e ./USB_DEVICE/Target/usbd_conf.o
                0x08008290                USBD_LL_StallEP
 .text.USBD_LL_ClearStallEP
                0x080082ce       0x3e ./USB_DEVICE/Target/usbd_conf.o
                0x080082ce                USBD_LL_ClearStallEP
 .text.USBD_LL_IsStallEP
                0x0800830c       0x56 ./USB_DEVICE/Target/usbd_conf.o
                0x0800830c                USBD_LL_IsStallEP
 .text.USBD_LL_SetUSBAddress
                0x08008362       0x3e ./USB_DEVICE/Target/usbd_conf.o
                0x08008362                USBD_LL_SetUSBAddress
 .text.USBD_LL_Transmit
                0x080083a0       0x46 ./USB_DEVICE/Target/usbd_conf.o
                0x080083a0                USBD_LL_Transmit
 .text.USBD_LL_PrepareReceive
                0x080083e6       0x46 ./USB_DEVICE/Target/usbd_conf.o
                0x080083e6                USBD_LL_PrepareReceive
 .text.USBD_LL_GetRxDataSize
                0x0800842c       0x26 ./USB_DEVICE/Target/usbd_conf.o
                0x0800842c                USBD_LL_GetRxDataSize
 *fill*         0x08008452        0x2 
 .text.USBD_static_malloc
                0x08008454       0x18 ./USB_DEVICE/Target/usbd_conf.o
                0x08008454                USBD_static_malloc
 .text.USBD_static_free
                0x0800846c       0x12 ./USB_DEVICE/Target/usbd_conf.o
                0x0800846c                USBD_static_free
 .text.HAL_PCDEx_SetConnectionState
                0x0800847e       0x16 ./USB_DEVICE/Target/usbd_conf.o
                0x0800847e                HAL_PCDEx_SetConnectionState
 .text.USBD_Get_USB_Status
                0x08008494       0x58 ./USB_DEVICE/Target/usbd_conf.o
 .text.memset   0x080084ec       0x10 C:/ST/STM32CubeIDE_1.16.1/STM32CubeIDE/plugins/com.st.stm32cube.ide.mcu.externaltools.gnu-tools-for-stm32.12.3.rel1.win32_1.1.0.202410251130/tools/bin/../lib/gcc/arm-none-eabi/12.3.1/../../../../arm-none-eabi/lib/thumb/v7-m/nofp\libc_nano.a(libc_a-memset.o)
                0x080084ec                memset
 .text.__libc_init_array
                0x080084fc       0x48 C:/ST/STM32CubeIDE_1.16.1/STM32CubeIDE/plugins/com.st.stm32cube.ide.mcu.externaltools.gnu-tools-for-stm32.12.3.rel1.win32_1.1.0.202410251130/tools/bin/../lib/gcc/arm-none-eabi/12.3.1/../../../../arm-none-eabi/lib/thumb/v7-m/nofp\libc_nano.a(libc_a-init.o)
                0x080084fc                __libc_init_array
 .text.memcpy   0x08008544       0x1c C:/ST/STM32CubeIDE_1.16.1/STM32CubeIDE/plugins/com.st.stm32cube.ide.mcu.externaltools.gnu-tools-for-stm32.12.3.rel1.win32_1.1.0.202410251130/tools/bin/../lib/gcc/arm-none-eabi/12.3.1/../../../../arm-none-eabi/lib/thumb/v7-m/nofp\libc_nano.a(libc_a-memcpy-stub.o)
                0x08008544                memcpy
 *(.glue_7)
 .glue_7        0x08008560        0x0 linker stubs
 *(.glue_7t)
 .glue_7t       0x08008560        0x0 linker stubs
 *(.eh_frame)
 .eh_frame      0x08008560        0x0 C:/ST/STM32CubeIDE_1.16.1/STM32CubeIDE/plugins/com.st.stm32cube.ide.mcu.externaltools.gnu-tools-for-stm32.12.3.rel1.win32_1.1.0.202410251130/tools/bin/../lib/gcc/arm-none-eabi/12.3.1/thumb/v7-m/nofp/crtbegin.o
 *(.init)
 .init          0x08008560        0x4 C:/ST/STM32CubeIDE_1.16.1/STM32CubeIDE/plugins/com.st.stm32cube.ide.mcu.externaltools.gnu-tools-for-stm32.12.3.rel1.win32_1.1.0.202410251130/tools/bin/../lib/gcc/arm-none-eabi/12.3.1/thumb/v7-m/nofp/crti.o
                0x08008560                _init
 .init          0x08008564        0x8 C:/ST/STM32CubeIDE_1.16.1/STM32CubeIDE/plugins/com.st.stm32cube.ide.mcu.externaltools.gnu-tools-for-stm32.12.3.rel1.win32_1.1.0.202410251130/tools/bin/../lib/gcc/arm-none-eabi/12.3.1/thumb/v7-m/nofp/crtn.o
 *(.fini)
 .fini          0x0800856c        0x4 C:/ST/STM32CubeIDE_1.16.1/STM32CubeIDE/plugins/com.st.stm32cube.ide.mcu.externaltools.gnu-tools-for-stm32.12.3.rel1.win32_1.1.0.202410251130/tools/bin/../lib/gcc/arm-none-eabi/12.3.1/thumb/v7-m/nofp/crti.o
                0x0800856c                _fini
 .fini          0x08008570        0x8 C:/ST/STM32CubeIDE_1.16.1/STM32CubeIDE/plugins/com.st.stm32cube.ide.mcu.externaltools.gnu-tools-for-stm32.12.3.rel1.win32_1.1.0.202410251130/tools/bin/../lib/gcc/arm-none-eabi/12.3.1/thumb/v7-m/nofp/crtn.o
                0x08008578                        . = ALIGN (0x4)
                0x08008578                        _etext = .

.vfp11_veneer   0x08008578        0x0
 .vfp11_veneer  0x08008578        0x0 linker stubs

.v4_bx          0x08008578        0x0
 .v4_bx         0x08008578        0x0 linker stubs

.iplt           0x08008578        0x0
 .iplt          0x08008578        0x0 C:/ST/STM32CubeIDE_1.16.1/STM32CubeIDE/plugins/com.st.stm32cube.ide.mcu.externaltools.gnu-tools-for-stm32.12.3.rel1.win32_1.1.0.202410251130/tools/bin/../lib/gcc/arm-none-eabi/12.3.1/thumb/v7-m/nofp/crtbegin.o

.rodata         0x08008578       0x6c
                0x08008578                        . = ALIGN (0x4)
 *(.rodata)
 .rodata        0x08008578       0x46 ./USB_DEVICE/App/usbd_desc.o
 *(.rodata*)
 *fill*         0x080085be        0x2 
 .rodata.AHBPrescTable
                0x080085c0       0x10 ./Core/Src/system_stm32f1xx.o
                0x080085c0                AHBPrescTable
 .rodata.aPLLMULFactorTable.1
                0x080085d0       0x10 ./Drivers/STM32F1xx_HAL_Driver/Src/stm32f1xx_hal_rcc.o
 .rodata.aPredivFactorTable.0
                0x080085e0        0x2 ./Drivers/STM32F1xx_HAL_Driver/Src/stm32f1xx_hal_rcc.o
                0x080085e4                        . = ALIGN (0x4)
 *fill*         0x080085e2        0x2 

.ARM.extab      0x080085e4        0x0
                0x080085e4                        . = ALIGN (0x4)
 *(.ARM.extab* .gnu.linkonce.armextab.*)
                0x080085e4                        . = ALIGN (0x4)

.ARM            0x080085e4        0x0
                0x080085e4                        . = ALIGN (0x4)
                0x080085e4                        __exidx_start = .
 *(.ARM.exidx*)
                0x080085e4                        __exidx_end = .
                0x080085e4                        . = ALIGN (0x4)

.preinit_array  0x080085e4        0x0
                0x080085e4                        . = ALIGN (0x4)
                0x080085e4                        PROVIDE (__preinit_array_start = .)
 *(.preinit_array*)
                0x080085e4                        PROVIDE (__preinit_array_end = .)
                0x080085e4                        . = ALIGN (0x4)

.init_array     0x080085e4        0x4
                0x080085e4                        . = ALIGN (0x4)
                0x080085e4                        PROVIDE (__init_array_start = .)
 *(SORT_BY_NAME(.init_array.*))
 *(.init_array*)
 .init_array    0x080085e4        0x4 C:/ST/STM32CubeIDE_1.16.1/STM32CubeIDE/plugins/com.st.stm32cube.ide.mcu.externaltools.gnu-tools-for-stm32.12.3.rel1.win32_1.1.0.202410251130/tools/bin/../lib/gcc/arm-none-eabi/12.3.1/thumb/v7-m/nofp/crtbegin.o
                0x080085e8                        PROVIDE (__init_array_end = .)
                0x080085e8                        . = ALIGN (0x4)

.fini_array     0x080085e8        0x4
                0x080085e8                        . = ALIGN (0x4)
                [!provide]                        PROVIDE (__fini_array_start = .)
 *(SORT_BY_NAME(.fini_array.*))
 *(.fini_array*)
 .fini_array    0x080085e8        0x4 C:/ST/STM32CubeIDE_1.16.1/STM32CubeIDE/plugins/com.st.stm32cube.ide.mcu.externaltools.gnu-tools-for-stm32.12.3.rel1.win32_1.1.0.202410251130/tools/bin/../lib/gcc/arm-none-eabi/12.3.1/thumb/v7-m/nofp/crtbegin.o
                [!provide]                        PROVIDE (__fini_array_end = .)
                0x080085ec                        . = ALIGN (0x4)
                0x080085ec                        _sidata = LOADADDR (.data)

.rel.dyn        0x080085ec        0x0
 .rel.iplt      0x080085ec        0x0 C:/ST/STM32CubeIDE_1.16.1/STM32CubeIDE/plugins/com.st.stm32cube.ide.mcu.externaltools.gnu-tools-for-stm32.12.3.rel1.win32_1.1.0.202410251130/tools/bin/../lib/gcc/arm-none-eabi/12.3.1/thumb/v7-m/nofp/crtbegin.o

.data           0x20000000      0x184 load address 0x080085ec
                0x20000000                        . = ALIGN (0x4)
                0x20000000                        _sdata = .
 *(.data)
 *(.data*)
 .data.SystemCoreClock
                0x20000000        0x4 ./Core/Src/system_stm32f1xx.o
                0x20000000                SystemCoreClock
 .data.uart_cmd
                0x20000004        0x4 ./Core/Src/uart.o
                0x20000004                uart_cmd
 .data.uart_respon
                0x20000008        0x4 ./Core/Src/uart.o
                0x20000008                uart_respon
 .data.uwTickPrio
                0x2000000c        0x4 ./Drivers/STM32F1xx_HAL_Driver/Src/stm32f1xx_hal.o
                0x2000000c                uwTickPrio
 .data.uwTickFreq
                0x20000010        0x1 ./Drivers/STM32F1xx_HAL_Driver/Src/stm32f1xx_hal.o
                0x20000010                uwTickFreq
 *fill*         0x20000011        0x3 
 .data.USBD_CDC_DeviceQualifierDesc
                0x20000014        0xa ./Middlewares/ST/STM32_USB_Device_Library/Class/CDC/Src/usbd_cdc.o
 *fill*         0x2000001e        0x2 
 .data.USBD_CDC
                0x20000020       0x38 ./Middlewares/ST/STM32_USB_Device_Library/Class/CDC/Src/usbd_cdc.o
                0x20000020                USBD_CDC
 .data.USBD_CDC_CfgHSDesc
                0x20000058       0x43 ./Middlewares/ST/STM32_USB_Device_Library/Class/CDC/Src/usbd_cdc.o
                0x20000058                USBD_CDC_CfgHSDesc
 *fill*         0x2000009b        0x1 
 .data.USBD_CDC_CfgFSDesc
                0x2000009c       0x43 ./Middlewares/ST/STM32_USB_Device_Library/Class/CDC/Src/usbd_cdc.o
                0x2000009c                USBD_CDC_CfgFSDesc
 *fill*         0x200000df        0x1 
 .data.USBD_CDC_OtherSpeedCfgDesc
                0x200000e0       0x43 ./Middlewares/ST/STM32_USB_Device_Library/Class/CDC/Src/usbd_cdc.o
                0x200000e0                USBD_CDC_OtherSpeedCfgDesc
 *fill*         0x20000123        0x1 
 .data.USBD_Interface_fops_FS
                0x20000124       0x10 ./USB_DEVICE/App/usbd_cdc_if.o
                0x20000124                USBD_Interface_fops_FS
 .data.FS_Desc  0x20000134       0x1c ./USB_DEVICE/App/usbd_desc.o
                0x20000134                FS_Desc
 .data.USBD_FS_DeviceDesc
                0x20000150       0x12 ./USB_DEVICE/App/usbd_desc.o
                0x20000150                USBD_FS_DeviceDesc
 *fill*         0x20000162        0x2 
 .data.USBD_LangIDDesc
                0x20000164        0x4 ./USB_DEVICE/App/usbd_desc.o
                0x20000164                USBD_LangIDDesc
 .data.USBD_StringSerial
                0x20000168       0x1a ./USB_DEVICE/App/usbd_desc.o
                0x20000168                USBD_StringSerial
 *(.RamFunc)
 *(.RamFunc*)
                0x20000184                        . = ALIGN (0x4)
 *fill*         0x20000182        0x2 
                0x20000184                        _edata = .

.igot.plt       0x20000184        0x0 load address 0x08008770
 .igot.plt      0x20000184        0x0 C:/ST/STM32CubeIDE_1.16.1/STM32CubeIDE/plugins/com.st.stm32cube.ide.mcu.externaltools.gnu-tools-for-stm32.12.3.rel1.win32_1.1.0.202410251130/tools/bin/../lib/gcc/arm-none-eabi/12.3.1/thumb/v7-m/nofp/crtbegin.o
                0x20000184                        . = ALIGN (0x4)

.bss            0x20000184     0x3ce0 load address 0x08008770
                0x20000184                        _sbss = .
                0x20000184                        __bss_start__ = _sbss
 *(.bss)
 .bss           0x20000184       0x1c C:/ST/STM32CubeIDE_1.16.1/STM32CubeIDE/plugins/com.st.stm32cube.ide.mcu.externaltools.gnu-tools-for-stm32.12.3.rel1.win32_1.1.0.202410251130/tools/bin/../lib/gcc/arm-none-eabi/12.3.1/thumb/v7-m/nofp/crtbegin.o
 *(.bss*)
 .bss.cmdBuf_p  0x200001a0        0x2 ./Core/Src/uart.o
                0x200001a0                cmdBuf_p
 *fill*         0x200001a2        0x2 
 .bss.cmdBuf    0x200001a4     0x157c ./Core/Src/uart.o
                0x200001a4                cmdBuf
 .bss.responBuf
                0x20001720     0x157c ./Core/Src/uart.o
                0x20001720                responBuf
 .bss.busy      0x20002c9c        0x1 ./Core/Src/uart.o
                0x20002c9c                busy
 .bss.currentRts.1
                0x20002c9d        0x1 ./Core/Src/uart.o
 .bss.currentDtr.0
                0x20002c9e        0x1 ./Core/Src/uart.o
 *fill*         0x20002c9f        0x1 
 .bss.uwTick    0x20002ca0        0x4 ./Drivers/STM32F1xx_HAL_Driver/Src/stm32f1xx_hal.o
                0x20002ca0                uwTick
 .bss.cfgidx.0  0x20002ca4        0x1 ./Middlewares/ST/STM32_USB_Device_Library/Core/Src/usbd_ctlreq.o
 *fill*         0x20002ca5        0x3 
 .bss.hUsbDeviceFS
                0x20002ca8      0x2c4 ./USB_DEVICE/App/usb_device.o
                0x20002ca8                hUsbDeviceFS
 .bss.UserRxBufferFS
                0x20002f6c      0x400 ./USB_DEVICE/App/usbd_cdc_if.o
                0x20002f6c                UserRxBufferFS
 .bss.UserTxBufferFS
                0x2000336c      0x400 ./USB_DEVICE/App/usbd_cdc_if.o
                0x2000336c                UserTxBufferFS
 .bss.USBD_StrDesc
                0x2000376c      0x200 ./USB_DEVICE/App/usbd_desc.o
                0x2000376c                USBD_StrDesc
 .bss.hpcd_USB_FS
                0x2000396c      0x2d8 ./USB_DEVICE/Target/usbd_conf.o
                0x2000396c                hpcd_USB_FS
 .bss.mem.0     0x20003c44      0x220 ./USB_DEVICE/Target/usbd_conf.o
 *(COMMON)
                0x20003e64                        . = ALIGN (0x4)
                0x20003e64                        _ebss = .
                0x20003e64                        __bss_end__ = _ebss

._user_heap_stack
                0x20003e64      0x604 load address 0x08008770
                0x20003e68                        . = ALIGN (0x8)
 *fill*         0x20003e64        0x4 
                [!provide]                        PROVIDE (end = .)
                0x20003e68                        PROVIDE (_end = .)
                0x20004068                        . = (. + _Min_Heap_Size)
 *fill*         0x20003e68      0x200 
                0x20004468                        . = (. + _Min_Stack_Size)
 *fill*         0x20004068      0x400 
                0x20004468                        . = ALIGN (0x8)

/DISCARD/
 libc.a(*)
 libm.a(*)
 libgcc.a(*)

.ARM.attributes
                0x00000000       0x29
 *(.ARM.attributes)
 .ARM.attributes
                0x00000000       0x1d C:/ST/STM32CubeIDE_1.16.1/STM32CubeIDE/plugins/com.st.stm32cube.ide.mcu.externaltools.gnu-tools-for-stm32.12.3.rel1.win32_1.1.0.202410251130/tools/bin/../lib/gcc/arm-none-eabi/12.3.1/thumb/v7-m/nofp/crti.o
 .ARM.attributes
                0x0000001d       0x2d C:/ST/STM32CubeIDE_1.16.1/STM32CubeIDE/plugins/com.st.stm32cube.ide.mcu.externaltools.gnu-tools-for-stm32.12.3.rel1.win32_1.1.0.202410251130/tools/bin/../lib/gcc/arm-none-eabi/12.3.1/thumb/v7-m/nofp/crtbegin.o
 .ARM.attributes
                0x0000004a       0x2d ./Core/Src/cart_adapter.o
 .ARM.attributes
                0x00000077       0x2d ./Core/Src/main.o
 .ARM.attributes
                0x000000a4       0x2d ./Core/Src/stm32f1xx_hal_msp.o
 .ARM.attributes
                0x000000d1       0x2d ./Core/Src/stm32f1xx_it.o
 .ARM.attributes
                0x000000fe       0x2d ./Core/Src/system_stm32f1xx.o
 .ARM.attributes
                0x0000012b       0x2d ./Core/Src/uart.o
 .ARM.attributes
                0x00000158       0x21 ./Core/Startup/startup_stm32f103c8tx.o
 .ARM.attributes
                0x00000179       0x2d ./Drivers/STM32F1xx_HAL_Driver/Src/stm32f1xx_hal.o
 .ARM.attributes
                0x000001a6       0x2d ./Drivers/STM32F1xx_HAL_Driver/Src/stm32f1xx_hal_cortex.o
 .ARM.attributes
                0x000001d3       0x2d ./Drivers/STM32F1xx_HAL_Driver/Src/stm32f1xx_hal_gpio.o
 .ARM.attributes
                0x00000200       0x2d ./Drivers/STM32F1xx_HAL_Driver/Src/stm32f1xx_hal_pcd.o
 .ARM.attributes
                0x0000022d       0x2d ./Drivers/STM32F1xx_HAL_Driver/Src/stm32f1xx_hal_pcd_ex.o
 .ARM.attributes
                0x0000025a       0x2d ./Drivers/STM32F1xx_HAL_Driver/Src/stm32f1xx_hal_rcc.o
 .ARM.attributes
                0x00000287       0x2d ./Drivers/STM32F1xx_HAL_Driver/Src/stm32f1xx_hal_rcc_ex.o
 .ARM.attributes
                0x000002b4       0x2d ./Drivers/STM32F1xx_HAL_Driver/Src/stm32f1xx_ll_usb.o
 .ARM.attributes
                0x000002e1       0x2d ./Middlewares/ST/STM32_USB_Device_Library/Class/CDC/Src/usbd_cdc.o
 .ARM.attributes
                0x0000030e       0x2d ./Middlewares/ST/STM32_USB_Device_Library/Core/Src/usbd_core.o
 .ARM.attributes
                0x0000033b       0x2d ./Middlewares/ST/STM32_USB_Device_Library/Core/Src/usbd_ctlreq.o
 .ARM.attributes
                0x00000368       0x2d ./Middlewares/ST/STM32_USB_Device_Library/Core/Src/usbd_ioreq.o
 .ARM.attributes
                0x00000395       0x2d ./USB_DEVICE/App/usb_device.o
 .ARM.attributes
                0x000003c2       0x2d ./USB_DEVICE/App/usbd_cdc_if.o
 .ARM.attributes
                0x000003ef       0x2d ./USB_DEVICE/App/usbd_desc.o
 .ARM.attributes
                0x0000041c       0x2d ./USB_DEVICE/Target/usbd_conf.o
 .ARM.attributes
                0x00000449       0x2d C:/ST/STM32CubeIDE_1.16.1/STM32CubeIDE/plugins/com.st.stm32cube.ide.mcu.externaltools.gnu-tools-for-stm32.12.3.rel1.win32_1.1.0.202410251130/tools/bin/../lib/gcc/arm-none-eabi/12.3.1/../../../../arm-none-eabi/lib/thumb/v7-m/nofp\libc_nano.a(libc_a-memset.o)
 .ARM.attributes
                0x00000476       0x2d C:/ST/STM32CubeIDE_1.16.1/STM32CubeIDE/plugins/com.st.stm32cube.ide.mcu.externaltools.gnu-tools-for-stm32.12.3.rel1.win32_1.1.0.202410251130/tools/bin/../lib/gcc/arm-none-eabi/12.3.1/../../../../arm-none-eabi/lib/thumb/v7-m/nofp\libc_nano.a(libc_a-init.o)
 .ARM.attributes
                0x000004a3       0x2d C:/ST/STM32CubeIDE_1.16.1/STM32CubeIDE/plugins/com.st.stm32cube.ide.mcu.externaltools.gnu-tools-for-stm32.12.3.rel1.win32_1.1.0.202410251130/tools/bin/../lib/gcc/arm-none-eabi/12.3.1/../../../../arm-none-eabi/lib/thumb/v7-m/nofp\libc_nano.a(libc_a-memcpy-stub.o)
 .ARM.attributes
                0x000004d0       0x1d C:/ST/STM32CubeIDE_1.16.1/STM32CubeIDE/plugins/com.st.stm32cube.ide.mcu.externaltools.gnu-tools-for-stm32.12.3.rel1.win32_1.1.0.202410251130/tools/bin/../lib/gcc/arm-none-eabi/12.3.1/thumb/v7-m/nofp/crtn.o
OUTPUT(chis_flash_burner.elf elf32-littlearm)
LOAD linker stubs
LOAD C:/ST/STM32CubeIDE_1.16.1/STM32CubeIDE/plugins/com.st.stm32cube.ide.mcu.externaltools.gnu-tools-for-stm32.12.3.rel1.win32_1.1.0.202410251130/tools/bin/../lib/gcc/arm-none-eabi/12.3.1/../../../../arm-none-eabi/lib/thumb/v7-m/nofp\libc.a
LOAD C:/ST/STM32CubeIDE_1.16.1/STM32CubeIDE/plugins/com.st.stm32cube.ide.mcu.externaltools.gnu-tools-for-stm32.12.3.rel1.win32_1.1.0.202410251130/tools/bin/../lib/gcc/arm-none-eabi/12.3.1/../../../../arm-none-eabi/lib/thumb/v7-m/nofp\libm.a
LOAD C:/ST/STM32CubeIDE_1.16.1/STM32CubeIDE/plugins/com.st.stm32cube.ide.mcu.externaltools.gnu-tools-for-stm32.12.3.rel1.win32_1.1.0.202410251130/tools/bin/../lib/gcc/arm-none-eabi/12.3.1/thumb/v7-m/nofp\libgcc.a

.debug_info     0x00000000     0xd119
 .debug_info    0x00000000      0x3f2 ./Core/Src/cart_adapter.o
 .debug_info    0x000003f2      0x573 ./Core/Src/main.o
 .debug_info    0x00000965      0x1f1 ./Core/Src/stm32f1xx_hal_msp.o
 .debug_info    0x00000b56      0x602 ./Core/Src/stm32f1xx_it.o
 .debug_info    0x00001158      0x222 ./Core/Src/system_stm32f1xx.o
 .debug_info    0x0000137a      0xfd2 ./Core/Src/uart.o
 .debug_info    0x0000234c       0x30 ./Core/Startup/startup_stm32f103c8tx.o
 .debug_info    0x0000237c      0x704 ./Drivers/STM32F1xx_HAL_Driver/Src/stm32f1xx_hal.o
 .debug_info    0x00002a80      0xa87 ./Drivers/STM32F1xx_HAL_Driver/Src/stm32f1xx_hal_cortex.o
 .debug_info    0x00003507      0x5ab ./Drivers/STM32F1xx_HAL_Driver/Src/stm32f1xx_hal_gpio.o
 .debug_info    0x00003ab2     0x16dc ./Drivers/STM32F1xx_HAL_Driver/Src/stm32f1xx_hal_pcd.o
 .debug_info    0x0000518e      0x6c3 ./Drivers/STM32F1xx_HAL_Driver/Src/stm32f1xx_hal_pcd_ex.o
 .debug_info    0x00005851      0x7d5 ./Drivers/STM32F1xx_HAL_Driver/Src/stm32f1xx_hal_rcc.o
 .debug_info    0x00006026      0x3c0 ./Drivers/STM32F1xx_HAL_Driver/Src/stm32f1xx_hal_rcc_ex.o
 .debug_info    0x000063e6     0x17ae ./Drivers/STM32F1xx_HAL_Driver/Src/stm32f1xx_ll_usb.o
 .debug_info    0x00007b94     0x1043 ./Middlewares/ST/STM32_USB_Device_Library/Class/CDC/Src/usbd_cdc.o
 .debug_info    0x00008bd7      0xa52 ./Middlewares/ST/STM32_USB_Device_Library/Core/Src/usbd_core.o
 .debug_info    0x00009629      0x91c ./Middlewares/ST/STM32_USB_Device_Library/Core/Src/usbd_ctlreq.o
 .debug_info    0x00009f45      0x6a0 ./Middlewares/ST/STM32_USB_Device_Library/Core/Src/usbd_ioreq.o
 .debug_info    0x0000a5e5      0x63d ./USB_DEVICE/App/usb_device.o
 .debug_info    0x0000ac22      0x849 ./USB_DEVICE/App/usbd_cdc_if.o
 .debug_info    0x0000b46b      0x44a ./USB_DEVICE/App/usbd_desc.o
 .debug_info    0x0000b8b5     0x1864 ./USB_DEVICE/Target/usbd_conf.o

.debug_abbrev   0x00000000     0x2d98
 .debug_abbrev  0x00000000      0x13d ./Core/Src/cart_adapter.o
 .debug_abbrev  0x0000013d      0x209 ./Core/Src/main.o
 .debug_abbrev  0x00000346       0xdb ./Core/Src/stm32f1xx_hal_msp.o
 .debug_abbrev  0x00000421      0x192 ./Core/Src/stm32f1xx_it.o
 .debug_abbrev  0x000005b3      0x13f ./Core/Src/system_stm32f1xx.o
 .debug_abbrev  0x000006f2      0x2ea ./Core/Src/uart.o
 .debug_abbrev  0x000009dc       0x24 ./Core/Startup/startup_stm32f103c8tx.o
 .debug_abbrev  0x00000a00      0x201 ./Drivers/STM32F1xx_HAL_Driver/Src/stm32f1xx_hal.o
 .debug_abbrev  0x00000c01      0x2f8 ./Drivers/STM32F1xx_HAL_Driver/Src/stm32f1xx_hal_cortex.o
 .debug_abbrev  0x00000ef9      0x1ca ./Drivers/STM32F1xx_HAL_Driver/Src/stm32f1xx_hal_gpio.o
 .debug_abbrev  0x000010c3      0x2d6 ./Drivers/STM32F1xx_HAL_Driver/Src/stm32f1xx_hal_pcd.o
 .debug_abbrev  0x00001399      0x189 ./Drivers/STM32F1xx_HAL_Driver/Src/stm32f1xx_hal_pcd_ex.o
 .debug_abbrev  0x00001522      0x2b3 ./Drivers/STM32F1xx_HAL_Driver/Src/stm32f1xx_hal_rcc.o
 .debug_abbrev  0x000017d5      0x188 ./Drivers/STM32F1xx_HAL_Driver/Src/stm32f1xx_hal_rcc_ex.o
 .debug_abbrev  0x0000195d      0x1de ./Drivers/STM32F1xx_HAL_Driver/Src/stm32f1xx_ll_usb.o
 .debug_abbrev  0x00001b3b      0x2d3 ./Middlewares/ST/STM32_USB_Device_Library/Class/CDC/Src/usbd_cdc.o
 .debug_abbrev  0x00001e0e      0x24a ./Middlewares/ST/STM32_USB_Device_Library/Core/Src/usbd_core.o
 .debug_abbrev  0x00002058      0x26b ./Middlewares/ST/STM32_USB_Device_Library/Core/Src/usbd_ctlreq.o
 .debug_abbrev  0x000022c3      0x192 ./Middlewares/ST/STM32_USB_Device_Library/Core/Src/usbd_ioreq.o
 .debug_abbrev  0x00002455      0x18d ./USB_DEVICE/App/usb_device.o
 .debug_abbrev  0x000025e2      0x2a1 ./USB_DEVICE/App/usbd_cdc_if.o
 .debug_abbrev  0x00002883      0x1ff ./USB_DEVICE/App/usbd_desc.o
 .debug_abbrev  0x00002a82      0x316 ./USB_DEVICE/Target/usbd_conf.o

.debug_aranges  0x00000000      0xba8
 .debug_aranges
                0x00000000       0x78 ./Core/Src/cart_adapter.o
 .debug_aranges
                0x00000078       0x38 ./Core/Src/main.o
 .debug_aranges
                0x000000b0       0x20 ./Core/Src/stm32f1xx_hal_msp.o
 .debug_aranges
                0x000000d0       0x68 ./Core/Src/stm32f1xx_it.o
 .debug_aranges
                0x00000138       0x28 ./Core/Src/system_stm32f1xx.o
 .debug_aranges
                0x00000160       0xc0 ./Core/Src/uart.o
 .debug_aranges
                0x00000220       0x28 ./Core/Startup/startup_stm32f103c8tx.o
 .debug_aranges
                0x00000248       0xe0 ./Drivers/STM32F1xx_HAL_Driver/Src/stm32f1xx_hal.o
 .debug_aranges
                0x00000328      0x100 ./Drivers/STM32F1xx_HAL_Driver/Src/stm32f1xx_hal_cortex.o
 .debug_aranges
                0x00000428       0x58 ./Drivers/STM32F1xx_HAL_Driver/Src/stm32f1xx_hal_gpio.o
 .debug_aranges
                0x00000480      0x140 ./Drivers/STM32F1xx_HAL_Driver/Src/stm32f1xx_hal_pcd.o
 .debug_aranges
                0x000005c0       0x38 ./Drivers/STM32F1xx_HAL_Driver/Src/stm32f1xx_hal_pcd_ex.o
 .debug_aranges
                0x000005f8       0x90 ./Drivers/STM32F1xx_HAL_Driver/Src/stm32f1xx_hal_rcc.o
 .debug_aranges
                0x00000688       0x30 ./Drivers/STM32F1xx_HAL_Driver/Src/stm32f1xx_hal_rcc_ex.o
 .debug_aranges
                0x000006b8       0xf8 ./Drivers/STM32F1xx_HAL_Driver/Src/stm32f1xx_ll_usb.o
 .debug_aranges
                0x000007b0       0x90 ./Middlewares/ST/STM32_USB_Device_Library/Class/CDC/Src/usbd_cdc.o
 .debug_aranges
                0x00000840       0xb8 ./Middlewares/ST/STM32_USB_Device_Library/Core/Src/usbd_core.o
 .debug_aranges
                0x000008f8       0x88 ./Middlewares/ST/STM32_USB_Device_Library/Core/Src/usbd_ctlreq.o
 .debug_aranges
                0x00000980       0x50 ./Middlewares/ST/STM32_USB_Device_Library/Core/Src/usbd_ioreq.o
 .debug_aranges
                0x000009d0       0x20 ./USB_DEVICE/App/usb_device.o
 .debug_aranges
                0x000009f0       0x40 ./USB_DEVICE/App/usbd_cdc_if.o
 .debug_aranges
                0x00000a30       0x60 ./USB_DEVICE/App/usbd_desc.o
 .debug_aranges
                0x00000a90      0x118 ./USB_DEVICE/Target/usbd_conf.o

.debug_rnglists
                0x00000000      0x887
 .debug_rnglists
                0x00000000       0x5b ./Core/Src/cart_adapter.o
 .debug_rnglists
                0x0000005b       0x27 ./Core/Src/main.o
 .debug_rnglists
                0x00000082       0x13 ./Core/Src/stm32f1xx_hal_msp.o
 .debug_rnglists
                0x00000095       0x49 ./Core/Src/stm32f1xx_it.o
 .debug_rnglists
                0x000000de       0x1a ./Core/Src/system_stm32f1xx.o
 .debug_rnglists
                0x000000f8       0x93 ./Core/Src/uart.o
 .debug_rnglists
                0x0000018b       0x19 ./Core/Startup/startup_stm32f103c8tx.o
 .debug_rnglists
                0x000001a4       0xa3 ./Drivers/STM32F1xx_HAL_Driver/Src/stm32f1xx_hal.o
 .debug_rnglists
                0x00000247       0xbb ./Drivers/STM32F1xx_HAL_Driver/Src/stm32f1xx_hal_cortex.o
 .debug_rnglists
                0x00000302       0x3f ./Drivers/STM32F1xx_HAL_Driver/Src/stm32f1xx_hal_gpio.o
 .debug_rnglists
                0x00000341       0xf4 ./Drivers/STM32F1xx_HAL_Driver/Src/stm32f1xx_hal_pcd.o
 .debug_rnglists
                0x00000435       0x26 ./Drivers/STM32F1xx_HAL_Driver/Src/stm32f1xx_hal_pcd_ex.o
 .debug_rnglists
                0x0000045b       0x6c ./Drivers/STM32F1xx_HAL_Driver/Src/stm32f1xx_hal_rcc.o
 .debug_rnglists
                0x000004c7       0x21 ./Drivers/STM32F1xx_HAL_Driver/Src/stm32f1xx_hal_rcc_ex.o
 .debug_rnglists
                0x000004e8       0xbd ./Drivers/STM32F1xx_HAL_Driver/Src/stm32f1xx_ll_usb.o
 .debug_rnglists
                0x000005a5       0x6a ./Middlewares/ST/STM32_USB_Device_Library/Class/CDC/Src/usbd_cdc.o
 .debug_rnglists
                0x0000060f       0x89 ./Middlewares/ST/STM32_USB_Device_Library/Core/Src/usbd_core.o
 .debug_rnglists
                0x00000698       0x68 ./Middlewares/ST/STM32_USB_Device_Library/Core/Src/usbd_ctlreq.o
 .debug_rnglists
                0x00000700       0x37 ./Middlewares/ST/STM32_USB_Device_Library/Core/Src/usbd_ioreq.o
 .debug_rnglists
                0x00000737       0x13 ./USB_DEVICE/App/usb_device.o
 .debug_rnglists
                0x0000074a       0x2c ./USB_DEVICE/App/usbd_cdc_if.o
 .debug_rnglists
                0x00000776       0x43 ./USB_DEVICE/App/usbd_desc.o
 .debug_rnglists
                0x000007b9       0xce ./USB_DEVICE/Target/usbd_conf.o

.debug_macro    0x00000000    0x198c7
 .debug_macro   0x00000000      0x1c1 ./Core/Src/cart_adapter.o
 .debug_macro   0x000001c1      0xaa8 ./Core/Src/cart_adapter.o
 .debug_macro   0x00000c69       0x22 ./Core/Src/cart_adapter.o
 .debug_macro   0x00000c8b       0x8e ./Core/Src/cart_adapter.o
 .debug_macro   0x00000d19       0x51 ./Core/Src/cart_adapter.o
 .debug_macro   0x00000d6a      0x103 ./Core/Src/cart_adapter.o
 .debug_macro   0x00000e6d       0x6a ./Core/Src/cart_adapter.o
 .debug_macro   0x00000ed7      0x1df ./Core/Src/cart_adapter.o
 .debug_macro   0x000010b6      0x215 ./Core/Src/cart_adapter.o
 .debug_macro   0x000012cb       0x2e ./Core/Src/cart_adapter.o
 .debug_macro   0x000012f9       0x22 ./Core/Src/cart_adapter.o
 .debug_macro   0x0000131b       0x1c ./Core/Src/cart_adapter.o
 .debug_macro   0x00001337       0x22 ./Core/Src/cart_adapter.o
 .debug_macro   0x00001359       0xbd ./Core/Src/cart_adapter.o
 .debug_macro   0x00001416      0xd23 ./Core/Src/cart_adapter.o
 .debug_macro   0x00002139     0xe09e ./Core/Src/cart_adapter.o
 .debug_macro   0x000101d7       0x6d ./Core/Src/cart_adapter.o
 .debug_macro   0x00010244     0x34a2 ./Core/Src/cart_adapter.o
 .debug_macro   0x000136e6      0x189 ./Core/Src/cart_adapter.o
 .debug_macro   0x0001386f       0x5c ./Core/Src/cart_adapter.o
 .debug_macro   0x000138cb      0x5bc ./Core/Src/cart_adapter.o
 .debug_macro   0x00013e87      0x289 ./Core/Src/cart_adapter.o
 .debug_macro   0x00014110      0x1cb ./Core/Src/cart_adapter.o
 .debug_macro   0x000142db      0x114 ./Core/Src/cart_adapter.o
 .debug_macro   0x000143ef      0x1b2 ./Core/Src/cart_adapter.o
 .debug_macro   0x000145a1       0x27 ./Core/Src/cart_adapter.o
 .debug_macro   0x000145c8      0x136 ./Core/Src/cart_adapter.o
 .debug_macro   0x000146fe      0x1bc ./Core/Src/cart_adapter.o
 .debug_macro   0x000148ba       0x34 ./Core/Src/cart_adapter.o
 .debug_macro   0x000148ee       0x3c ./Core/Src/cart_adapter.o
 .debug_macro   0x0001492a       0x57 ./Core/Src/cart_adapter.o
 .debug_macro   0x00014981       0x87 ./Core/Src/cart_adapter.o
 .debug_macro   0x00014a08      0x240 ./Core/Src/cart_adapter.o
 .debug_macro   0x00014c48      0x140 ./Core/Src/cart_adapter.o
 .debug_macro   0x00014d88       0xb7 ./Core/Src/cart_adapter.o
 .debug_macro   0x00014e3f      0x242 ./Core/Src/cart_adapter.o
 .debug_macro   0x00015081       0x83 ./Core/Src/cart_adapter.o
 .debug_macro   0x00015104      0x160 ./Core/Src/cart_adapter.o
 .debug_macro   0x00015264      0x32f ./Core/Src/main.o
 .debug_macro   0x00015593       0x61 ./Core/Src/main.o
 .debug_macro   0x000155f4       0x24 ./Core/Src/main.o
 .debug_macro   0x00015618       0x43 ./Core/Src/main.o
 .debug_macro   0x0001565b       0x34 ./Core/Src/main.o
 .debug_macro   0x0001568f       0x16 ./Core/Src/main.o
 .debug_macro   0x000156a5       0x35 ./Core/Src/main.o
 .debug_macro   0x000156da      0x369 ./Core/Src/main.o
 .debug_macro   0x00015a43       0x10 ./Core/Src/main.o
 .debug_macro   0x00015a53       0x16 ./Core/Src/main.o
 .debug_macro   0x00015a69       0x43 ./Core/Src/main.o
 .debug_macro   0x00015aac       0x34 ./Core/Src/main.o
 .debug_macro   0x00015ae0       0x10 ./Core/Src/main.o
 .debug_macro   0x00015af0       0x58 ./Core/Src/main.o
 .debug_macro   0x00015b48       0x8e ./Core/Src/main.o
 .debug_macro   0x00015bd6       0x1c ./Core/Src/main.o
 .debug_macro   0x00015bf2      0x177 ./Core/Src/main.o
 .debug_macro   0x00015d69       0x16 ./Core/Src/main.o
 .debug_macro   0x00015d7f       0x16 ./Core/Src/main.o
 .debug_macro   0x00015d95      0x146 ./Core/Src/main.o
 .debug_macro   0x00015edb       0x16 ./Core/Src/main.o
 .debug_macro   0x00015ef1       0x16 ./Core/Src/main.o
 .debug_macro   0x00015f07       0x29 ./Core/Src/main.o
 .debug_macro   0x00015f30       0x16 ./Core/Src/main.o
 .debug_macro   0x00015f46       0x20 ./Core/Src/main.o
 .debug_macro   0x00015f66       0x5f ./Core/Src/main.o
 .debug_macro   0x00015fc5      0x1c8 ./Core/Src/main.o
 .debug_macro   0x0001618d      0x1b7 ./Core/Src/stm32f1xx_hal_msp.o
 .debug_macro   0x00016344      0x1c1 ./Core/Src/stm32f1xx_it.o
 .debug_macro   0x00016505      0x1a8 ./Core/Src/system_stm32f1xx.o
 .debug_macro   0x000166ad      0x389 ./Core/Src/uart.o
 .debug_macro   0x00016a36       0x10 ./Core/Src/uart.o
 .debug_macro   0x00016a46       0x56 ./Core/Src/uart.o
 .debug_macro   0x00016a9c       0x1c ./Core/Src/uart.o
 .debug_macro   0x00016ab8       0x8f ./Core/Src/uart.o
 .debug_macro   0x00016b47       0x10 ./Core/Src/uart.o
 .debug_macro   0x00016b57      0x1cc ./Drivers/STM32F1xx_HAL_Driver/Src/stm32f1xx_hal.o
 .debug_macro   0x00016d23      0x1a8 ./Drivers/STM32F1xx_HAL_Driver/Src/stm32f1xx_hal_cortex.o
 .debug_macro   0x00016ecb      0x213 ./Drivers/STM32F1xx_HAL_Driver/Src/stm32f1xx_hal_gpio.o
 .debug_macro   0x000170de      0x1b4 ./Drivers/STM32F1xx_HAL_Driver/Src/stm32f1xx_hal_pcd.o
 .debug_macro   0x00017292      0x1a8 ./Drivers/STM32F1xx_HAL_Driver/Src/stm32f1xx_hal_pcd_ex.o
 .debug_macro   0x0001743a      0x1ba ./Drivers/STM32F1xx_HAL_Driver/Src/stm32f1xx_hal_rcc.o
 .debug_macro   0x000175f4      0x1a8 ./Drivers/STM32F1xx_HAL_Driver/Src/stm32f1xx_hal_rcc_ex.o
 .debug_macro   0x0001779c      0x1a8 ./Drivers/STM32F1xx_HAL_Driver/Src/stm32f1xx_ll_usb.o
 .debug_macro   0x00017944      0x346 ./Middlewares/ST/STM32_USB_Device_Library/Class/CDC/Src/usbd_cdc.o
 .debug_macro   0x00017c8a       0x9e ./Middlewares/ST/STM32_USB_Device_Library/Class/CDC/Src/usbd_cdc.o
 .debug_macro   0x00017d28      0x10b ./Middlewares/ST/STM32_USB_Device_Library/Class/CDC/Src/usbd_cdc.o
 .debug_macro   0x00017e33      0x32d ./Middlewares/ST/STM32_USB_Device_Library/Core/Src/usbd_core.o
 .debug_macro   0x00018160      0x1ce ./Middlewares/ST/STM32_USB_Device_Library/Core/Src/usbd_core.o
 .debug_macro   0x0001832e      0x337 ./Middlewares/ST/STM32_USB_Device_Library/Core/Src/usbd_ctlreq.o
 .debug_macro   0x00018665      0x333 ./Middlewares/ST/STM32_USB_Device_Library/Core/Src/usbd_ioreq.o
 .debug_macro   0x00018998      0x366 ./USB_DEVICE/App/usb_device.o
 .debug_macro   0x00018cfe      0x166 ./USB_DEVICE/App/usb_device.o
 .debug_macro   0x00018e64       0x22 ./USB_DEVICE/App/usb_device.o
 .debug_macro   0x00018e86       0x16 ./USB_DEVICE/App/usb_device.o
 .debug_macro   0x00018e9c      0x35b ./USB_DEVICE/App/usbd_cdc_if.o
 .debug_macro   0x000191f7      0x36a ./USB_DEVICE/App/usbd_desc.o
 .debug_macro   0x00019561       0x1c ./USB_DEVICE/App/usbd_desc.o
 .debug_macro   0x0001957d      0x34a ./USB_DEVICE/Target/usbd_conf.o

.debug_line     0x00000000     0xfd6d
 .debug_line    0x00000000      0xaa0 ./Core/Src/cart_adapter.o
 .debug_line    0x00000aa0      0xa19 ./Core/Src/main.o
 .debug_line    0x000014b9      0x6fb ./Core/Src/stm32f1xx_hal_msp.o
 .debug_line    0x00001bb4      0x7d5 ./Core/Src/stm32f1xx_it.o
 .debug_line    0x00002389      0x779 ./Core/Src/system_stm32f1xx.o
 .debug_line    0x00002b02      0xf4d ./Core/Src/uart.o
 .debug_line    0x00003a4f       0x78 ./Core/Startup/startup_stm32f103c8tx.o
 .debug_line    0x00003ac7      0x9a6 ./Drivers/STM32F1xx_HAL_Driver/Src/stm32f1xx_hal.o
 .debug_line    0x0000446d      0xb92 ./Drivers/STM32F1xx_HAL_Driver/Src/stm32f1xx_hal_cortex.o
 .debug_line    0x00004fff      0xa3f ./Drivers/STM32F1xx_HAL_Driver/Src/stm32f1xx_hal_gpio.o
 .debug_line    0x00005a3e     0x13fb ./Drivers/STM32F1xx_HAL_Driver/Src/stm32f1xx_hal_pcd.o
 .debug_line    0x00006e39      0x774 ./Drivers/STM32F1xx_HAL_Driver/Src/stm32f1xx_hal_pcd_ex.o
 .debug_line    0x000075ad      0xdaf ./Drivers/STM32F1xx_HAL_Driver/Src/stm32f1xx_hal_rcc.o
 .debug_line    0x0000835c      0x8f0 ./Drivers/STM32F1xx_HAL_Driver/Src/stm32f1xx_hal_rcc_ex.o
 .debug_line    0x00008c4c     0x1077 ./Drivers/STM32F1xx_HAL_Driver/Src/stm32f1xx_ll_usb.o
 .debug_line    0x00009cc3      0xcfc ./Middlewares/ST/STM32_USB_Device_Library/Class/CDC/Src/usbd_cdc.o
 .debug_line    0x0000a9bf      0xd78 ./Middlewares/ST/STM32_USB_Device_Library/Core/Src/usbd_core.o
 .debug_line    0x0000b737      0xfb8 ./Middlewares/ST/STM32_USB_Device_Library/Core/Src/usbd_ctlreq.o
 .debug_line    0x0000c6ef      0xa0e ./Middlewares/ST/STM32_USB_Device_Library/Core/Src/usbd_ioreq.o
 .debug_line    0x0000d0fd      0x9ce ./USB_DEVICE/App/usb_device.o
 .debug_line    0x0000dacb      0xa55 ./USB_DEVICE/App/usbd_cdc_if.o
 .debug_line    0x0000e520      0xa97 ./USB_DEVICE/App/usbd_desc.o
 .debug_line    0x0000efb7      0xdb6 ./USB_DEVICE/Target/usbd_conf.o

.debug_str      0x00000000    0x84eb7
 .debug_str     0x00000000    0x7d910 ./Core/Src/cart_adapter.o
                              0x7dc5b (size before relaxing)
 .debug_str     0x0007d910     0x44c8 ./Core/Src/main.o
                              0x82094 (size before relaxing)
 .debug_str     0x00081dd8       0x5a ./Core/Src/stm32f1xx_hal_msp.o
                              0x7dbcb (size before relaxing)
 .debug_str     0x00081e32      0x413 ./Core/Src/stm32f1xx_it.o
                              0x7dfaa (size before relaxing)
 .debug_str     0x00082245       0x7e ./Core/Src/system_stm32f1xx.o
                              0x7d77a (size before relaxing)
 .debug_str     0x000822c3      0x9ac ./Core/Src/uart.o
                              0x82892 (size before relaxing)
 .debug_str     0x00082c6f       0x91 ./Core/Startup/startup_stm32f103c8tx.o
 .debug_str     0x00082d00      0x607 ./Drivers/STM32F1xx_HAL_Driver/Src/stm32f1xx_hal.o
                              0x7dead (size before relaxing)
 .debug_str     0x00083307      0x293 ./Drivers/STM32F1xx_HAL_Driver/Src/stm32f1xx_hal_cortex.o
                              0x7ddf9 (size before relaxing)
 .debug_str     0x0008359a      0x2f1 ./Drivers/STM32F1xx_HAL_Driver/Src/stm32f1xx_hal_gpio.o
                              0x7db00 (size before relaxing)
 .debug_str     0x0008388b      0x5bd ./Drivers/STM32F1xx_HAL_Driver/Src/stm32f1xx_hal_pcd.o
                              0x7e097 (size before relaxing)
 .debug_str     0x00083e48      0x170 ./Drivers/STM32F1xx_HAL_Driver/Src/stm32f1xx_hal_pcd_ex.o
                              0x7dbf9 (size before relaxing)
 .debug_str     0x00083fb8      0x229 ./Drivers/STM32F1xx_HAL_Driver/Src/stm32f1xx_hal_rcc.o
                              0x7dba9 (size before relaxing)
 .debug_str     0x000841e1       0x9f ./Drivers/STM32F1xx_HAL_Driver/Src/stm32f1xx_hal_rcc_ex.o
                              0x7d8f9 (size before relaxing)
 .debug_str     0x00084280      0x129 ./Drivers/STM32F1xx_HAL_Driver/Src/stm32f1xx_ll_usb.o
                              0x7dc4b (size before relaxing)
 .debug_str     0x000843a9      0x302 ./Middlewares/ST/STM32_USB_Device_Library/Class/CDC/Src/usbd_cdc.o
                              0x82abf (size before relaxing)
 .debug_str     0x000846ab      0x281 ./Middlewares/ST/STM32_USB_Device_Library/Core/Src/usbd_core.o
                              0x823ef (size before relaxing)
 .debug_str     0x0008492c      0x120 ./Middlewares/ST/STM32_USB_Device_Library/Core/Src/usbd_ctlreq.o
                              0x82309 (size before relaxing)
 .debug_str     0x00084a4c       0x51 ./Middlewares/ST/STM32_USB_Device_Library/Core/Src/usbd_ioreq.o
                              0x82236 (size before relaxing)
 .debug_str     0x00084a9d       0xb9 ./USB_DEVICE/App/usb_device.o
                              0x825c1 (size before relaxing)
 .debug_str     0x00084b56       0x91 ./USB_DEVICE/App/usbd_cdc_if.o
                              0x82627 (size before relaxing)
 .debug_str     0x00084be7      0x258 ./USB_DEVICE/App/usbd_desc.o
                              0x82172 (size before relaxing)
 .debug_str     0x00084e3f       0x78 ./USB_DEVICE/Target/usbd_conf.o
                              0x8304c (size before relaxing)

.comment        0x00000000       0x43
 .comment       0x00000000       0x43 ./Core/Src/cart_adapter.o
                                 0x44 (size before relaxing)
 .comment       0x00000043       0x44 ./Core/Src/main.o
 .comment       0x00000043       0x44 ./Core/Src/stm32f1xx_hal_msp.o
 .comment       0x00000043       0x44 ./Core/Src/stm32f1xx_it.o
 .comment       0x00000043       0x44 ./Core/Src/system_stm32f1xx.o
 .comment       0x00000043       0x44 ./Core/Src/uart.o
 .comment       0x00000043       0x44 ./Drivers/STM32F1xx_HAL_Driver/Src/stm32f1xx_hal.o
 .comment       0x00000043       0x44 ./Drivers/STM32F1xx_HAL_Driver/Src/stm32f1xx_hal_cortex.o
 .comment       0x00000043       0x44 ./Drivers/STM32F1xx_HAL_Driver/Src/stm32f1xx_hal_gpio.o
 .comment       0x00000043       0x44 ./Drivers/STM32F1xx_HAL_Driver/Src/stm32f1xx_hal_pcd.o
 .comment       0x00000043       0x44 ./Drivers/STM32F1xx_HAL_Driver/Src/stm32f1xx_hal_pcd_ex.o
 .comment       0x00000043       0x44 ./Drivers/STM32F1xx_HAL_Driver/Src/stm32f1xx_hal_rcc.o
 .comment       0x00000043       0x44 ./Drivers/STM32F1xx_HAL_Driver/Src/stm32f1xx_hal_rcc_ex.o
 .comment       0x00000043       0x44 ./Drivers/STM32F1xx_HAL_Driver/Src/stm32f1xx_ll_usb.o
 .comment       0x00000043       0x44 ./Middlewares/ST/STM32_USB_Device_Library/Class/CDC/Src/usbd_cdc.o
 .comment       0x00000043       0x44 ./Middlewares/ST/STM32_USB_Device_Library/Core/Src/usbd_core.o
 .comment       0x00000043       0x44 ./Middlewares/ST/STM32_USB_Device_Library/Core/Src/usbd_ctlreq.o
 .comment       0x00000043       0x44 ./Middlewares/ST/STM32_USB_Device_Library/Core/Src/usbd_ioreq.o
 .comment       0x00000043       0x44 ./USB_DEVICE/App/usb_device.o
 .comment       0x00000043       0x44 ./USB_DEVICE/App/usbd_cdc_if.o
 .comment       0x00000043       0x44 ./USB_DEVICE/App/usbd_desc.o
 .comment       0x00000043       0x44 ./USB_DEVICE/Target/usbd_conf.o

.debug_frame    0x00000000     0x2cb0
 .debug_frame   0x00000000      0x1c8 ./Core/Src/cart_adapter.o
 .debug_frame   0x000001c8       0x8c ./Core/Src/main.o
 .debug_frame   0x00000254       0x38 ./Core/Src/stm32f1xx_hal_msp.o
 .debug_frame   0x0000028c      0x120 ./Core/Src/stm32f1xx_it.o
 .debug_frame   0x000003ac       0x58 ./Core/Src/system_stm32f1xx.o
 .debug_frame   0x00000404      0x2f0 ./Core/Src/uart.o
 .debug_frame   0x000006f4      0x334 ./Drivers/STM32F1xx_HAL_Driver/Src/stm32f1xx_hal.o
 .debug_frame   0x00000a28      0x428 ./Drivers/STM32F1xx_HAL_Driver/Src/stm32f1xx_hal_cortex.o
 .debug_frame   0x00000e50      0x14c ./Drivers/STM32F1xx_HAL_Driver/Src/stm32f1xx_hal_gpio.o
 .debug_frame   0x00000f9c      0x594 ./Drivers/STM32F1xx_HAL_Driver/Src/stm32f1xx_hal_pcd.o
 .debug_frame   0x00001530       0xb0 ./Drivers/STM32F1xx_HAL_Driver/Src/stm32f1xx_hal_pcd_ex.o
 .debug_frame   0x000015e0      0x218 ./Drivers/STM32F1xx_HAL_Driver/Src/stm32f1xx_hal_rcc.o
 .debug_frame   0x000017f8       0x80 ./Drivers/STM32F1xx_HAL_Driver/Src/stm32f1xx_hal_rcc_ex.o
 .debug_frame   0x00001878      0x470 ./Drivers/STM32F1xx_HAL_Driver/Src/stm32f1xx_ll_usb.o
 .debug_frame   0x00001ce8      0x248 ./Middlewares/ST/STM32_USB_Device_Library/Class/CDC/Src/usbd_cdc.o
 .debug_frame   0x00001f30      0x300 ./Middlewares/ST/STM32_USB_Device_Library/Core/Src/usbd_core.o
 .debug_frame   0x00002230      0x218 ./Middlewares/ST/STM32_USB_Device_Library/Core/Src/usbd_ctlreq.o
 .debug_frame   0x00002448      0x10c ./Middlewares/ST/STM32_USB_Device_Library/Core/Src/usbd_ioreq.o
 .debug_frame   0x00002554       0x2c ./USB_DEVICE/App/usb_device.o
 .debug_frame   0x00002580       0xb8 ./USB_DEVICE/App/usbd_cdc_if.o
 .debug_frame   0x00002638      0x160 ./USB_DEVICE/App/usbd_desc.o
 .debug_frame   0x00002798      0x4a4 ./USB_DEVICE/Target/usbd_conf.o
 .debug_frame   0x00002c3c       0x20 C:/ST/STM32CubeIDE_1.16.1/STM32CubeIDE/plugins/com.st.stm32cube.ide.mcu.externaltools.gnu-tools-for-stm32.12.3.rel1.win32_1.1.0.202410251130/tools/bin/../lib/gcc/arm-none-eabi/12.3.1/../../../../arm-none-eabi/lib/thumb/v7-m/nofp\libc_nano.a(libc_a-memset.o)
 .debug_frame   0x00002c5c       0x2c C:/ST/STM32CubeIDE_1.16.1/STM32CubeIDE/plugins/com.st.stm32cube.ide.mcu.externaltools.gnu-tools-for-stm32.12.3.rel1.win32_1.1.0.202410251130/tools/bin/../lib/gcc/arm-none-eabi/12.3.1/../../../../arm-none-eabi/lib/thumb/v7-m/nofp\libc_nano.a(libc_a-init.o)
 .debug_frame   0x00002c88       0x28 C:/ST/STM32CubeIDE_1.16.1/STM32CubeIDE/plugins/com.st.stm32cube.ide.mcu.externaltools.gnu-tools-for-stm32.12.3.rel1.win32_1.1.0.202410251130/tools/bin/../lib/gcc/arm-none-eabi/12.3.1/../../../../arm-none-eabi/lib/thumb/v7-m/nofp\libc_nano.a(libc_a-memcpy-stub.o)

.debug_line_str
                0x00000000       0x75
 .debug_line_str
                0x00000000       0x75 ./Core/Startup/startup_stm32f103c8tx.o
