../Core/Src/uart.c:79:10:modbusCRC16	32	static
../Core/Src/uart.c:99:6:uart_setControlLine	16	static
../Core/Src/uart.c:115:6:uart_responData	32	static
../Core/Src/uart.c:141:6:uart_responAck	16	static
../Core/Src/uart.c:153:6:uart_cmdRecv	24	static
../Core/Src/uart.c:166:6:uart_clearRecvBuf	8	static
../Core/Src/uart.c:173:6:uart_cmdHandler	8	static
../Core/Src/uart.c:255:6:romWaitForDone	24	static
../Core/Src/uart.c:278:6:romGetID	24	static
../Core/Src/uart.c:308:6:romEraseChip	16	static
../Core/Src/uart.c:334:6:romEraseBlock	8	static
../Core/Src/uart.c:344:6:romEraseSector	24	static
../Core/Src/uart.c:377:6:romProgram	48	static
../Core/Src/uart.c:476:6:romWrite	24	static
../Core/Src/uart.c:499:6:romRead	32	static
../Core/Src/uart.c:525:6:ramWrite	24	static
../Core/Src/uart.c:555:6:ramRead	24	static
../Core/Src/uart.c:582:6:ramProgramFlash	32	static
../Core/Src/uart.c:629:6:gbcWrite	24	static
../Core/Src/uart.c:647:6:gbcRead	24	static
../Core/Src/uart.c:665:6:gbcRomProgram	40	static
